Archive member included to satisfy reference by file (symbol)

include_lib/liba/br30/cpu.a(crc16.c.o)
                              obj/Release/cpu/br30/setup.o (symbol from plugin) (__crc16_mutex_init)
include_lib/liba/br30/cpu.a(uart.c.o)
                              obj/Release/apps/common/audio/wm8978/iic.o (symbol from plugin) (delay)
include_lib/liba/br30/cpu.a(clock.c.o)
                              obj/Release/cpu/br30/setup.o (symbol from plugin) (clock_dump)
include_lib/liba/br30/cpu.a(gpio.c.o)
                              obj/Release/apps/earphone/board/br30/board_ad697n_demo.o (symbol from plugin) (usb_iomode)
include_lib/liba/br30/cpu.a(timer.c.o)
                              obj/Release/apps/common/key/key_driver.o (symbol from plugin) (timer_get_ms)
include_lib/liba/br30/cpu.a(wdt.c.o)
                              obj/Release/cpu/br30/setup.o (symbol from plugin) (wdt_close)
include_lib/liba/br30/cpu.a(efuse.c.o)
                              obj/Release/cpu/br30/charge.o (symbol from plugin) (get_vbat_trim)
include_lib/liba/br30/cpu.a(debug.c.o)
                              obj/Release/cpu/br30/setup.o (symbol from plugin) (debug_init)
include_lib/liba/br30/cpu.a(usb.c.o)
                              obj/Release/apps/common/usb/device/task_pc.o (symbol from plugin) (usb_sie_disable)
include_lib/liba/br30/cpu.a(vm.c.o)
                              obj/Release/apps/common/third_party_profile/Tecent_LL/tecent_protocol/ble_qiot_import.o (symbol from plugin) (vm_open)
include_lib/liba/br30/cpu.a(vm_api.c.o)
                              obj/Release/apps/common/music/breakpoint.o (symbol from plugin) (vm_api_write_mult)
include_lib/liba/br30/cpu.a(p33.c.o)
                              obj/Release/cpu/br30/adc_api.o (symbol from plugin) (adc_pmu_ch_select)
include_lib/liba/br30/cpu.a(power_hw.c.o)
                              obj/Release/cpu/br30/lp_touch_key.o (symbol from plugin) (load_p11_bank_code2ram)
include_lib/liba/br30/cpu.a(power_wakeup.c.o)
                              power_hw.c.o (symbol from plugin) (p33_wakeup_irq_handler)
include_lib/liba/br30/cpu.a(pmu_calibrate.c.o)
                              obj/Release/cpu/br30/adc_api.o (symbol from plugin) (get_wvdd_trim_level)
include_lib/liba/br30/cpu.a(chargestore.c.o)
                              obj/Release/apps/earphone/power_manage/app_chargestore.o (symbol from plugin) (chargestore_api_write)
include_lib/liba/br30/cpu.a(otg.c.o)
                              obj/Release/apps/common/usb/device/msd.o (symbol from plugin) (usb_otg_online)
include_lib/liba/br30/cpu.a(usb_phy.c.o)
                              obj/Release/apps/common/usb/device/msd.o (symbol from plugin) (usb_g_bulk_read64byte_fast)
include_lib/liba/br30/cpu.a(usb_setup.c.o)
                              obj/Release/apps/common/usb/device/msd.o (symbol from plugin) (usb_device2id)
include_lib/liba/br30/cpu.a(descriptor.c.o)
                              usb_setup.c.o (symbol from plugin) (get_string_ee)
include_lib/liba/br30/cpu.a(startup.S.o)
                              (_start)
include_lib/liba/br30/cpu.a(version.z.o)
                              include_lib/liba/br30/cpu.a(startup.S.o) (lib_driver_version)
include_lib/liba/br30/cpu.a(encryption.c.o)
                              vm.c.o (symbol from plugin) (doe)
include_lib/liba/br30/cpu.a(cache.c.o)
                              vm.c.o (symbol from plugin) (IcuPfetchRegion)
include_lib/liba/br30/cpu.a(lp_timer_hw.c.o)
                              power_hw.c.o (symbol from plugin) (__lp_timer_dump)
include_lib/liba/br30/cpu.a(lrc_hw.c.o)
                              power_hw.c.o (symbol from plugin) (__get_lrc_hz)
include_lib/liba/br30/system.a(app_core.c.o)
                              obj/Release/apps/earphone/app_main.o (symbol from plugin) (start_app)
include_lib/liba/br30/system.a(ASCII_lib.c.o)
                              obj/Release/cpu/br30/tone_player.o (symbol from plugin) (ASCII_StrCmpNoCase)
include_lib/liba/br30/system.a(circular_buf.c.o)
                              obj/Release/apps/common/third_party_profile/jieli/online_db/online_db_deal.o (symbol from plugin) (cbuf_read)
include_lib/liba/br30/system.a(syscfg_api.c.o)
                              obj/Release/apps/earphone/aec/br30/audio_aec.o (symbol from plugin) (syscfg_read)
include_lib/liba/br30/system.a(config_interface.c.o)
                              obj/Release/apps/common/config/app_config.o (symbol from plugin) (config_layer_init)
include_lib/liba/br30/system.a(version.z.o)
                              include_lib/liba/br30/cpu.a(startup.S.o) (lib_system_version)
include_lib/liba/br30/system.a(sbrk.c.o)
                              obj/Release/cpu/br30/setup.o (symbol from plugin) (memory_init)
include_lib/liba/br30/system.a(port_overwrite.c.o)
                              debug.c.o (symbol from plugin) (tcb_dump)
include_lib/liba/br30/system.a(heap_mmu.c.o)
[...]
Memory Configuration

Name             Origin             Length             Attributes
code0            0x01e00120         0x00100000         xr
ram0             0x00000000         0x0002bb60         xrw
*default*        0x00000000         0xffffffff

Linker script and memory map

LOAD obj/Release/apps/common/audio/audio_digital_vol.o
LOAD cpu\br30\tools\sdk.elf.o
LOAD obj/Release/apps/common/audio/audio_noise_gate.o
LOAD obj/Release/apps/common/audio/audio_plc.o
LOAD obj/Release/apps/common/audio/sine_make.o
LOAD obj/Release/apps/common/audio/uartPcmSender.o
LOAD obj/Release/apps/common/audio/wm8978/iic.o
LOAD obj/Release/apps/common/audio/wm8978/wm8978.o
LOAD obj/Release/apps/common/cJSON/cJSON.o
LOAD obj/Release/apps/common/config/app_config.o
LOAD obj/Release/apps/common/config/bt_profile_config.o
LOAD obj/Release/apps/common/config/ci_transport_uart.o
LOAD obj/Release/apps/common/debug/debug.o
LOAD obj/Release/apps/common/debug/debug_lite.o
LOAD obj/Release/apps/common/dev_manager/dev_manager.o
LOAD obj/Release/apps/common/dev_manager/dev_reg.o
LOAD obj/Release/apps/common/device/gSensor/da230.o
LOAD obj/Release/apps/common/device/gSensor/gSensor_manage.o
LOAD obj/Release/apps/common/device/gSensor/SC7A20.o
LOAD obj/Release/apps/common/device/gSensor/STK8321.o
LOAD obj/Release/apps/common/device/gx8002_npu/gx8002_npu.o
LOAD obj/Release/apps/common/device/gx8002_npu/gx8002_npu_event_deal.o
LOAD obj/Release/apps/common/device/gx8002_npu/gx8002_upgrade/gx_uart_upgrade.o
LOAD obj/Release/apps/common/device/gx8002_npu/gx8002_upgrade/gx_uart_upgrade_porting.o
LOAD obj/Release/apps/common/device/gx8002_npu/gx8002_upgrade/sdfile_upgrade/gx_uart_upgrade_sdfile.o
LOAD obj/Release/apps/common/device/gx8002_npu/gx8002_upgrade/spp_upgrade/gx_fifo.o
LOAD obj/Release/apps/common/device/gx8002_npu/gx8002_upgrade/spp_upgrade/gx_uart_upgrade_spp.o
LOAD obj/Release/apps/common/device/in_ear_detect/in_ear_detect.o
LOAD obj/Release/apps/common/device/in_ear_detect/in_ear_manage.o
LOAD obj/Release/apps/common/device/ir_sensor/ir_manage.o
LOAD obj/Release/apps/common/device/ir_sensor/jsa1221.o
LOAD obj/Release/apps/common/file_operate/file_bs_deal.o
LOAD obj/Release/apps/common/file_operate/file_manager.o
LOAD obj/Release/apps/common/jl_kws/jl_kws_algo.o
LOAD obj/Release/apps/common/jl_kws/jl_kws_audio.o
LOAD obj/Release/apps/common/jl_kws/jl_kws_event.o
LOAD obj/Release/apps/common/jl_kws/jl_kws_main.o
LOAD obj/Release/apps/common/key/adkey.o
LOAD obj/Release/apps/common/key/adkey_rtcvdd.o
LOAD obj/Release/apps/common/key/ctmu_touch_key.o
LOAD obj/Release/apps/common/key/iokey.o
LOAD obj/Release/apps/common/key/irkey.o
LOAD obj/Release/apps/common/key/key_driver.o
LOAD obj/Release/apps/common/key/touch_key.o
LOAD obj/Release/apps/common/key/uart_key.o
LOAD obj/Release/apps/common/music/breakpoint.o
LOAD obj/Release/apps/common/music/music_player.o
LOAD obj/Release/apps/common/third_party_profile/common/3th_profile_api.o
LOAD obj/Release/apps/common/third_party_profile/common/custom_cfg.o
LOAD obj/Release/apps/common/third_party_profile/common/mic_rec.o
LOAD obj/Release/apps/common/third_party_profile/jieli/JL_rcsp/adv_app_setting/adv_bt_name_setting.o
LOAD obj/Release/apps/common/third_party_profile/jieli/JL_rcsp/adv_app_setting/adv_eq_setting.o
LOAD obj/Release/apps/common/third_party_profile/jieli/JL_rcsp/adv_app_setting/adv_high_low_vol_setting.o
LOAD obj/Release/apps/common/third_party_profile/jieli/JL_rcsp/adv_app_setting/adv_key_setting.o
LOAD obj/Release/apps/common/third_party_profile/jieli/JL_rcsp/adv_app_setting/adv_led_setting.o
LOAD obj/Release/apps/common/third_party_profile/jieli/JL_rcsp/adv_app_setting/adv_mic_setting.o
LOAD obj/Release/apps/common/third_party_profile/jieli/JL_rcsp/adv_app_setting/adv_music_info_setting.o
LOAD obj/Release/apps/common/third_party_profile/jieli/JL_rcsp/adv_app_setting/adv_time_stamp_setting.o
LOAD obj/Release/apps/common/third_party_profile/jieli/JL_rcsp/adv_app_setting/adv_work_setting.o
LOAD obj/Release/apps/common/third_party_profile/jieli/JL_rcsp/adv_rcsp_protocol/rcsp_adv_bluetooth.o
LOAD obj/Release/apps/common/third_party_profile/jieli/JL_rcsp/adv_rcsp_protocol/rcsp_adv_customer_user.o
LOAD obj/Release/apps/common/third_party_profile/jieli/JL_rcsp/adv_rcsp_protocol/rcsp_adv_opt.o
LOAD obj/Release/apps/common/third_party_profile/jieli/JL_rcsp/adv_rcsp_protocol/rcsp_adv_tws_sync.o
LOAD obj/Release/apps/common/third_party_profile/jieli/JL_rcsp/bt_trans_data/le_rcsp_adv_module.o
LOAD obj/Release/apps/common/third_party_profile/jieli/JL_rcsp/bt_trans_data/rcsp_adv_spp_user.o
LOAD obj/Release/apps/common/third_party_profile/jieli/JL_rcsp/rcsp_updata/rcsp_adv_user_update.o
LOAD obj/Release/apps/common/third_party_profile/jieli/JL_rcsp/rcsp_updata/rcsp_ch_loader_download.o
LOAD obj/Release/apps/common/third_party_profile/jieli/JL_rcsp/rcsp_updata/rcsp_user_update.o
LOAD obj/Release/apps/common/third_party_profile/jieli/online_db/online_db_deal.o
LOAD obj/Release/apps/common/third_party_profile/jieli/online_db/spp_online_db.o
LOAD obj/Release/apps/common/third_party_profile/jieli/trans_data_demo/le_trans_data.o
LOAD obj/Release/apps/common/third_party_profile/jieli/trans_data_demo/spp_trans_data.o
LOAD obj/Release/apps/common/third_party_profile/Tecent_LL/tecent_ll_demo/ll_demo.o
LOAD obj/Release/apps/common/third_party_profile/Tecent_LL/tecent_ll_demo/ll_task.o
LOAD obj/Release/apps/common/third_party_profile/Tecent_LL/tecent_protocol/ble_qiot_import.o
LOAD obj/Release/apps/common/third_party_profile/Tecent_LL/tecent_protocol/ble_qiot_llsync_data.o
LOAD obj/Release/apps/common/third_party_profile/Tecent_LL/tecent_protocol/ble_qiot_llsync_device.o
LOAD obj/Release/apps/common/third_party_profile/Tecent_LL/tecent_protocol/ble_qiot_llsync_event.o
LOAD obj/Release/apps/common/third_party_profile/Tecent_LL/tecent_protocol/ble_qiot_llsync_ota.o
LOAD obj/Release/apps/common/third_party_profile/Tecent_LL/tecent_protocol/ble_qiot_service.o
LOAD obj/Release/apps/common/third_party_profile/Tecent_LL/tecent_protocol/ble_qiot_template.o
LOAD obj/Release/apps/common/third_party_profile/Tecent_LL/tecent_protocol/ble_qiot_utils_base64.o
LOAD obj/Release/apps/common/third_party_profile/Tecent_LL/tecent_protocol/ble_qiot_utils_crc.o
LOAD obj/Release/apps/common/third_party_profile/Tecent_LL/tecent_protocol/ble_qiot_utils_hmac.o
LOAD obj/Release/apps/common/third_party_profile/Tecent_LL/tecent_protocol/ble_qiot_utils_log.o
LOAD obj/Release/apps/common/third_party_profile/Tecent_LL/tecent_protocol/ble_qiot_utils_md5.o
LOAD obj/Release/apps/common/third_party_profile/Tecent_LL/tecent_protocol/ble_qiot_utils_sha1.o
LOAD obj/Release/apps/common/third_party_profile/TME/le_tme_module.o
LOAD obj/Release/apps/common/third_party_profile/TME/TME_config.o
LOAD obj/Release/apps/common/third_party_profile/TME/tme_spp_user.o
LOAD obj/Release/apps/common/third_party_profile/TME/TME_tws.o
LOAD obj/Release/apps/common/third_party_profile/TME/TME_user_main.o
LOAD obj/Release/apps/common/third_party_profile/xiaomi/le_mi_server.o
LOAD obj/Release/apps/common/third_party_profile/xiaomi/mi_spp_user.o
LOAD obj/Release/apps/common/third_party_profile/xiaomi/mma_tws.o
LOAD obj/Release/apps/common/third_party_profile/xiaomi/mma_update_user.o
LOAD obj/Release/apps/common/update/update.o
LOAD obj/Release/apps/common/update/update_tws.o
LOAD obj/Release/apps/common/update/update_tws_new.o
LOAD obj/Release/apps/common/usb/device/descriptor.o
LOAD obj/Release/apps/common/usb/device/msd.o
LOAD obj/Release/apps/common/usb/device/msd_upgrade.o
LOAD obj/Release/apps/common/usb/device/task_pc.o
LOAD obj/Release/apps/common/usb/device/usb_device.o
LOAD obj/Release/apps/common/usb/device/user_setup.o
LOAD obj/Release/apps/common/usb/usb_config.o
LOAD obj/Release/apps/earphone/aec/br30/audio_aec.o
LOAD obj/Release/apps/earphone/aec/br30/audio_aec_dms.o
LOAD obj/Release/apps/earphone/aec/br30/audio_aec_online.o
LOAD obj/Release/apps/earphone/app_ancbox.o
LOAD obj/Release/apps/earphone/app_anctool.o
LOAD obj/Release/apps/earphone/app_main.o
LOAD obj/Release/apps/earphone/ble_adv.o
LOAD obj/Release/apps/earphone/board/br30/board_ac8972a_demo.o
LOAD obj/Release/apps/earphone/board/br30/board_ac8973a_anc.o
LOAD obj/Release/apps/earphone/board/br30/board_ac8976_ms70.o
LOAD obj/Release/apps/earphone/board/br30/board_ac8976a_anc.o
LOAD obj/Release/apps/earphone/board/br30/board_ac8976a_dms.o
LOAD obj/Release/apps/earphone/board/br30/board_ac8976a_npu.o
LOAD obj/Release/apps/earphone/board/br30/board_ac8976d_tws.o
LOAD obj/Release/apps/earphone/board/br30/board_ac897n_sd_demo.o
LOAD obj/Release/apps/earphone/board/br30/board_ad6973a_anc.o
LOAD obj/Release/apps/earphone/board/br30/board_ad697n_anc.o
LOAD obj/Release/apps/earphone/board/br30/board_ad697n_demo.o
LOAD obj/Release/apps/earphone/bt_auto_test.o
LOAD obj/Release/apps/earphone/bt_background.o
LOAD obj/Release/apps/earphone/bt_ble.o
LOAD obj/Release/apps/earphone/bt_tws.o
LOAD obj/Release/apps/earphone/default_event_handler.o
LOAD obj/Release/apps/earphone/earphone.o
LOAD obj/Release/apps/earphone/eartch_event_deal.o
LOAD obj/Release/apps/earphone/fs_test.o
LOAD obj/Release/apps/earphone/idle.o
LOAD obj/Release/apps/earphone/key_event_deal.o
LOAD obj/Release/apps/earphone/ll_sync_demo/ll_sync_demo.o
LOAD obj/Release/apps/earphone/log_config/app_config.o
LOAD obj/Release/apps/earphone/log_config/lib_btctrler_config.o
LOAD obj/Release/apps/earphone/log_config/lib_btstack_config.o
LOAD obj/Release/apps/earphone/log_config/lib_driver_config.o
LOAD obj/Release/apps/earphone/log_config/lib_media_config.o
LOAD obj/Release/apps/earphone/log_config/lib_system_config.o
LOAD obj/Release/apps/earphone/log_config/lib_update_config.o
LOAD obj/Release/apps/earphone/music/music.o
LOAD obj/Release/apps/earphone/pbg_demo.o
LOAD obj/Release/apps/earphone/pc/pc.o
LOAD obj/Release/apps/earphone/power_manage/app_charge.o
LOAD obj/Release/apps/earphone/power_manage/app_chargestore.o
LOAD obj/Release/apps/earphone/power_manage/app_power_manage.o
LOAD obj/Release/apps/earphone/rcsp/jl_phone_app.o
LOAD obj/Release/apps/earphone/rcsp/rcsp_adv.o
LOAD obj/Release/apps/earphone/sdk_version.z.o
LOAD obj/Release/apps/earphone/tme/tme_earphone.o
LOAD obj/Release/apps/earphone/tme/tme_key.o
LOAD obj/Release/apps/earphone/tone_table.o
LOAD obj/Release/apps/earphone/trans_data_demo/trans_data_demo.o
LOAD obj/Release/apps/earphone/ui_manage.o
LOAD obj/Release/apps/earphone/user_cfg.o
LOAD obj/Release/apps/earphone/version.o
LOAD obj/Release/apps/earphone/vol_sync.o
LOAD obj/Release/apps/earphone/xm_mma/mma_earphone.o
LOAD obj/Release/apps/earphone/xm_mma/mma_key.o
LOAD obj/Release/cpu/br30/adc_api.o
LOAD obj/Release/cpu/br30/aec_tool.o
LOAD obj/Release/cpu/br30/app_audio.o
LOAD obj/Release/cpu/br30/audio_anc.o
LOAD obj/Release/cpu/br30/audio_capture.o
LOAD obj/Release/cpu/br30/audio_codec_clock.o
LOAD obj/Release/cpu/br30/audio_cvp_demo.o
LOAD obj/Release/cpu/br30/audio_dac_digital_volume.o
LOAD obj/Release/cpu/br30/audio_dec.o
LOAD obj/Release/cpu/br30/audio_dec/audio_dec_file.o
LOAD obj/Release/cpu/br30/audio_dms_tool.o
LOAD obj/Release/cpu/br30/audio_enc.o
LOAD obj/Release/cpu/br30/audio_iis.o
LOAD obj/Release/cpu/br30/audio_link.o
LOAD obj/Release/cpu/br30/audio_mic_capless.o
LOAD obj/Release/cpu/br30/audio_mic_codec.o
LOAD obj/Release/cpu/br30/audio_sync.o
LOAD obj/Release/cpu/br30/charge.o
LOAD obj/Release/cpu/br30/chargestore.o
LOAD obj/Release/cpu/br30/clock_manager.o
LOAD obj/Release/cpu/br30/ctmu.o
LOAD obj/Release/cpu/br30/eq_config.o
LOAD obj/Release/cpu/br30/iic_hw.o
LOAD obj/Release/cpu/br30/iic_soft.o
LOAD obj/Release/cpu/br30/irflt.o
LOAD obj/Release/cpu/br30/lp_touch_key.o
LOAD obj/Release/cpu/br30/lp_touch_key_epd.o
LOAD obj/Release/cpu/br30/overlay_code.o
LOAD obj/Release/cpu/br30/power_api.o
LOAD obj/Release/cpu/br30/pwm_led.o
LOAD obj/Release/cpu/br30/setup.o
LOAD obj/Release/cpu/br30/spi.o
LOAD obj/Release/cpu/br30/tone_player.o
LOAD obj/Release/cpu/br30/uart_dev.o
START GROUP
LOAD include_lib/liba/br30/cpu.a
LOAD include_lib/liba/br30/system.a
LOAD include_lib/liba/br30/btstack.a
LOAD include_lib/liba/br30/btctrler.a
LOAD include_lib/liba/br30/aec.a
LOAD include_lib/liba/br30/media.a
LOAD include_lib/liba/br30/libepmotion.a
LOAD include_lib/liba/br30/libAptFilt_pi32v2_OnChip.a
LOAD include_lib/liba/br30/libEchoSuppress_pi32v2_OnChip.a
LOAD include_lib/liba/br30/libNoiseSuppress_pi32v2_OnChip.a
LOAD include_lib/liba/br30/libSplittingFilter_pi32v2_OnChip.a
LOAD include_lib/liba/br30/libDelayEstimate_pi32v2_OnChip.a
LOAD include_lib/liba/br30/libOpcore_maskrom_pi32v2_OnChip.a
LOAD include_lib/liba/br30/libDualMicSystem_pi32v2_OnChip.a
LOAD include_lib/liba/br30/wtg_dec_lib.a
LOAD include_lib/liba/br30/opus_enc_lib.a
LOAD include_lib/liba/br30/sbc_eng_lib.a
LOAD include_lib/liba/br30/libFFT_pi32v2_OnChip.a
LOAD include_lib/liba/br30/br30_bt_aac_mask_code.a
LOAD include_lib/liba/br30/mp3_dec_lib.a
LOAD include_lib/liba/br30/mp3_decstream_lib.a
LOAD include_lib/liba/br30/wma_dec_lib.a
LOAD include_lib/liba/br30/wma_decstream_lib.a
LOAD include_lib/liba/br30/wav_dec_lib.a
LOAD include_lib/liba/br30/crypto_toolbox_Ospeed.a
LOAD include_lib/liba/br30/lib_esco_repair.a
LOAD include_lib/liba/br30/limiter_noiseGate.a
LOAD include_lib/liba/br30/agreement.a
LOAD include_lib/liba/br30/bt_hash_enc.a
LOAD include_lib/liba/br30/rcsp_stack.a
LOAD include_lib/liba/br30/tme_stack.a
LOAD include_lib/liba/br30/math.a
LOAD include_lib/liba/br30/JL_Phone_Call.a
LOAD include_lib/liba/br30/mma_stack.a
LOAD include_lib/liba/br30/speex_enc_lib.a
LOAD include_lib/liba/br30/media_app.a
LOAD include_lib/liba/br30/lib_sur_cal.a
LOAD include_lib/liba/br30/lib_vbass_cal.a
LOAD include_lib/liba/br30/lib_resample_cal.a
LOAD include_lib/liba/br30/lib_pitchshifter.a
LOAD include_lib/liba/br30/lfaudio_plc_lib.a
LOAD include_lib/liba/br30/update.a
LOAD include_lib/liba/br30/lib_dns.a
LOAD include_lib/liba/br30/compressor.a
LOAD include_lib/liba/br30/crossover_coff.a
LOAD include_lib/liba/br30/limiter.a
END GROUP
                0x0010fdf8                local_irq_enable = 0x10fdf8
                0x0010fdfc                local_irq_disable = 0x10fdfc
                0x0010fe00                lp_enter = 0x10fe00
                0x0010fe04                lp_signature_set = 0x10fe04
                0x0010fe08                os_init = 0x10fe08
                0x0010fe0c                os_start = 0x10fe0c
                0x0010fe10                os_get_curr_tcb_var = 0x10fe10
                0x0010fe14                os_task_create = 0x10fe14
                0x0010fe18                os_current_task_rom = 0x10fe18
                0x0010fe1c                os_time_dly = 0x10fe1c
                0x0010fe20                os_time_get = 0x10fe20
                0x0010fe24                os_task_del_req = 0x10fe24
                0x0010fe28                os_task_del_res = 0x10fe28
                0x0010fe2c                os_task_del = 0x10fe2c
                0x0010fe30                __os_taskq_pend = 0x10fe30
                0x0010fe34                os_taskq_pend = 0x10fe34
                0x0010fe38                os_task_pend_rom = 0x10fe38
                0x0010fe3c                __os_taskq_post_rom = 0x10fe3c
                0x0010fe48                os_taskq_flush_rom = 0x10fe48
                0x0010fe58                os_taskq_accept = 0x10fe58
                0x0010fe5c                os_taskq_del_rom = 0x10fe5c
                0x0010fe60                os_taskq_del_type = 0x10fe60
                0x0010fe64                os_sem_create = 0x10fe64
                0x0010fe68                os_sem_del = 0x10fe68
                0x0010fe6c                os_sem_pend_rom = 0x10fe6c
                0x0010fe70                os_sem_post = 0x10fe70
                0x0010fe74                os_sem_set = 0x10fe74
                0x0010fe78                os_sem_valid = 0x10fe78
                0x0010fe7c                os_sem_query = 0x10fe7c
                0x0010fe80                os_mutex_create = 0x10fe80
                0x0010fe84                os_mutex_del = 0x10fe84
                0x0010fe88                os_mutex_pend_rom = 0x10fe88
                0x0010fe8c                os_mutex_post = 0x10fe8c
                0x0010fe90                os_mutex_valid = 0x10fe90
                0x0010fe94                xTaskCreate = 0x10fe94
                0x0010fe98                xTaskGetCurrentTaskHandle = 0x10fe98
                0x0010fe9c                xTaskGetTickCount = 0x10fe9c
                0x0010fea0                xTaskGetHandle = 0x10fea0
                0x0010fea4                vTaskDelete = 0x10fea4
                0x0010fea8                xTaskGetApplicationTaskTag = 0x10fea8
                0x0010feac                vTaskSetApplicationTaskTag = 0x10feac
                0x0010feb0                xQueueGenericCreateStatic = 0x10feb0
                0x0010feb4                xQueueGenericReset = 0x10feb4
                0x0010feb8                xQueueGenericSend = 0x10feb8
                0x0010febc                xQueueGenericSendFromISR = 0x10febc
                0x0010fec0                xQueueGenericReceive = 0x10fec0
                0x0010fec4                xQueueReceiveFromISR = 0x10fec4
                0x0010fec8                vQueueDelete = 0x10fec8
                0x0010fecc                uxQueueMessagesWaiting = 0x10fecc
                0x0010fed0                uxQueueMessagesWaitingFromISR = 0x10fed0
                0x0010fed4                uxQueueSpacesAvailable = 0x10fed4
                0x0010fed8                pcTaskGetName = 0x10fed8
                0x0010fedc                prvGetExpectedIdleTime = 0x10fedc
                0x0010fee0                eTaskConfirmSleepModeStatus = 0x10fee0
                0x0010fee4                vTaskStepTick = 0x10fee4
                0x0010fee8                pxPortInitialiseStack = 0x10fee8
                0x0010feec                xPortStartScheduler = 0x10feec
                0x0010fef0                vPortEndScheduler = 0x10fef0
                0x0010fef4                vPortYield = 0x10fef4
                0x0010fef8                vPortExitCritical = 0x10fef8
                0x0010fefc                OS_ClrPending = 0x10fefc
                0x0010ff00                vTickISR = 0x10ff00
                0x0010ff04                pmalloc_init = 0x10ff04
                0x0010ff08                pmalloc = 0x10ff08
                0x0010ff0c                pfree = 0x10ff0c
                0x0010ff10                pmalloc_get_unused_pages = 0x10ff10
                0x0010ff14                get_physic_address = 0x10ff14
                0x0010ff18                pmm_get_var = 0x10ff18
                0x0010ff1c                vmm_init_ = 0x10ff1c
                0x0010ff20                vmalloc_ = 0x10ff20
                0x0010ff24                vfree_ = 0x10ff24
                0x0010ff28                vmem_get_phy_adr = 0x10ff28
                0x0010ff2c                vmem_start = 0x10ff2c
                0x0010ff30                vmem_end = 0x10ff30
                0x0010ff34                vmm_get_var = 0x10ff34
                0x0010ff38                vmalloc_v2 = 0x10ff38
                0x0010ff3c                vfree_v2 = 0x10ff3c
                0x0010ff40                vcopy_ = 0x10ff40
                0x0010ff44                get_cvsd_codec_ops = 0x10ff44
                0x0010ff48                B_fir_cal_s = 0x10ff48
                0x0010ff4c                B_array_vol = 0x10ff4c
                0x0010ff50                B_Syn_filt = 0x10ff50
                0x0010ff54                B_Residu = 0x10ff54
                0x0010ff58                B_comput_correlataionS = 0x10ff58
                0x0010ff5c                B_iircal = 0x10ff5c
                0x0010ff60                memmem = 0x10ff60
                0x0010ff64                memcpy = 0x10ff64
                0x0010ff68                memmove = 0x10ff68
                0x0010ff6c                memcmp = 0x10ff6c
                0x0010ff70                memset = 0x10ff70
                0x0010ff74                strcmp = 0x10ff74
                0x0010ff78                strcpy = 0x10ff78
                0x0010ff7c                strlen = 0x10ff7c
                0x0010ff80                strncmp = 0x10ff80
                0x0010ff84                strstr = 0x10ff84
                0x0010ff88                strchr = 0x10ff88
                0x0010ff8c                IcuCmdKst = 0x10ff8c
                0x0010ff90                DcuCmdKst = 0x10ff90
                0x0010ff94                IcuCmdSend = 0x10ff94
                0x0010ff98                DcuCmdSend = 0x10ff98
                0x0010ff9c                flush_dcache = 0x10ff9c
                0x0010ffa0                flushinv_dcache = 0x10ffa0
                0x0010ffa4                sfc_suspend = 0x10ffa4
                0x0010ffa8                sfc_resume = 0x10ffa8
                0x0010ffac                sfc_drop_cache = 0x10ffac
                0x0010ffb0                chip_crc16 = 0x10ffb0
                0x0010ffb4                CrcDecode = 0x10ffb4
                0x0010ffb8                mask_init = 0x10ffb8
                0x0010ffbc                wdt_clr = 0x10ffbc
                0x0010ffc0                nvram_set_boot_state = 0x10ffc0
                0x0010ffc4                chip_reset = 0x10ffc4
                0x0010ffc8                the_debug_isr = 0x10ffc8
                0x0010ffd0                print = 0x10ffd0
                0x0010ffd4                sprintf = 0x10ffd4
                0x0010ffd8                printf = 0x10ffd8
                0x0010ffdc                puts = 0x10ffdc
                0x0010ffe0                doe = 0x10ffe0
                0x0010ffe4                spi_get_port = 0x10ffe4
                0x0010ffe8                _pll_init = 0x10ffe8
                0x0010ffec                flash_poweron = 0x10ffec
                0x0010fff0                LZ4_setStreamDecode = 0x10fff0
                0x0010fff4                LZ4_decompress_safe_continue = 0x10fff4
                0x0010fff8                LZ4_decompress_generic = 0x10fff8
                0x0010fffc                LZ4_decompress_safe_usingDict = 0x10fffc
                0x001081ec                mdct_tab_256 = 0x1081ec
                0x001083ec                mdct_tab_2048 = 0x1083ec
                0x001093ec                sine_long_1024 = 0x1093ec
                0x0010a3ec                sine_short_128 = 0x10a3ec
                0x0010a5ec                kbd_long_1024 = 0x10a5ec
                0x0010b5ec                kbd_short_128 = 0x10b5ec
                0x0010b7ec                Huffmancb_SCL = 0x10b7ec
                0x0010b9fc                num_swb_960_window = 0x10b9fc
                0x0010ba08                num_swb_1024_window = 0x10ba08
                0x0010ba14                num_swb_128_window = 0x10ba14
                0x0010ba20                swb_offset_1024_96 = 0x10ba20
                0x0010ba74                swb_offset_128_96 = 0x10ba74
                0x0010ba8e                swb_offset_1024_64 = 0x10ba8e
                0x0010baee                swb_offset_128_64 = 0x10baee
                0x0010bb08                swb_offset_1024_48 = 0x10bb08
                0x0010bb6c                swb_offset_128_48 = 0x10bb6c
                0x0010bb8a                swb_offset_1024_32 = 0x10bb8a
                0x0010bbf2                swb_offset_1024_24 = 0x10bbf2
                0x0010bc52                swb_offset_128_24 = 0x10bc52
                0x0010bc72                swb_offset_1024_16 = 0x10bc72
                0x0010bcca                swb_offset_128_16 = 0x10bcca
                0x0010bcea                swb_offset_1024_8 = 0x10bcea
                0x0010bd3c                swb_offset_128_8 = 0x10bd3c
                0x0010bd5c                swb_offset_1024_window = 0x10bd5c
                0x0010bd8c                swb_offset_128_window = 0x10bd8c
                0x0010bdbc                iq_table = 0x10bdbc
                0x0010c1c0                tns_coef_0_3 = 0x10c1c0
                0x0010c200                tns_coef_0_4 = 0x10c200
                0x0010c240                tns_coef_1_3 = 0x10c240
                0x0010c280                tns_coef_1_4 = 0x10c280
                0x0010c2c0                pow05_table = 0x10c2c0
                0x0010c2dc                sample_rates = 0x10c2dc
                0x0010c30c                pred_sfb_max = 0x10c30c
                0x0010c318                tns_sbf_max = 0x10c318
                0x0010c358                Huffmancb_1 = 0x10c358
                0x0010c4f0                Huffmancb_2 = 0x10c4f0
                0x0010c628                Huffmancb_3 = 0x10c628
                0x0010c760                Huffmancb_4 = 0x10c760
                0x0010c890                Huffmancb_5 = 0x10c890
                0x0010c9d8                Huffmancb_6 = 0x10c9d8
                0x0010cb18                Huffmancb_7 = 0x10cb18
                0x0010cc10                Huffmancb_8 = 0x10cc10
                0x0010cd08                Huffmancb_9 = 0x10cd08
                0x0010cfa8                Huffmancb_10 = 0x10cfa8
                0x0010d238                Huffmancb_11 = 0x10d238
                0x0010d6f8                AACcodeBookDTable = 0x10d6f8
                0x0010b9f4                AAC_SFHUFF_TAB = 0x10b9f4
                0x001040a0                STFT_Win_FixHalf_M512_D160 = 0x1040a0
                0x001044a0                STFT_Win_FixHalf_M256_D160 = 0x1044a0
                0x001046a0                STFT_Win_FixHalf_M256_D80 = 0x1046a0
                0x001048a0                STFT_Win_FixHalf_M128_D80 = 0x1048a0
                0x001049a0                WOLAAnalysisFilter_Float_M64_m4_r1 = 0x1049a0
                0x00104da0                WOLASynthesisFilter_Float_M64_m4_r1 = 0x104da0
                0x001051a0                WOLAAnalysisFilter_Float_M128_m4_r1 = 0x1051a0
                0x001059a0                WOLASynthesisFilter_Float_M128_m4_r1 = 0x1059a0
                0x001061a0                WOLAAnalysisFilter_Float_M256_m4_r1 = 0x1061a0
                0x001071a0                WOLASynthesisFilter_Float_M256_m4_r1 = 0x1071a0
                0x0010d760                quantize_intervals_LF = 0x10d760
                0x0010d864                invert_quantize_dither_factors_LF = 0x10d864
                0x0010d968                quantize_dither_factors_LF = 0x10d968
                0x0010da6c                quantize_factor_select_offset_LF = 0x10da6c
                0x0010daf0                hd_quantize_intervals_LF = 0x10daf0
                0x0002bc04                boot_arg_list = 0x2bc04
                0x0002bf00                _IRQ_MEM_ADDR = 0x2bf00
                0x0002bbe0                _MASK_MEM_BEGIN = 0x2bbe0
                0x00000308                _MASK_MEM_SIZE = 0x308
                0x00000080                UPDATA_SIZE = 0x80
                0x0002bb60                UPDATA_BEG = (_MASK_MEM_BEGIN - UPDATA_SIZE)
                0x0002c000                UPDATA_BREDR_BASE_BEG = 0x2c000
                0x00000000                RAM_LIMIT_L = 0x0
                0x0002bb60                RAM_LIMIT_H = UPDATA_BEG
                0x0002bb60                PHY_RAM_SIZE = (RAM_LIMIT_H - RAM_LIMIT_L)
                0x0002bf00                ISR_BASE = _IRQ_MEM_ADDR
                0x00000308                ROM_RAM_SIZE = _MASK_MEM_SIZE
                0x0002bbe0                ROM_RAM_BEG = _MASK_MEM_BEGIN
                0x00000000                RAM0_BEG = RAM_LIMIT_L
                0x0002bb60                RAM0_END = RAM_LIMIT_H
                0x0002bb60                RAM0_SIZE = (RAM0_END - RAM0_BEG)
                0x0002d860                EQ_PRIV_COEFF_BASE = 0x2d860
                0x0000000a                EQ_PRIV_SECTION_NUM = 0xa
                0x0002da90                EQ_PRIV_COEFF_END = (EQ_PRIV_COEFF_BASE + ((0x4 * EQ_PRIV_SECTION_NUM) * 0xe))
                0x01e00120                . = ORIGIN (code0)

.text           0x01e00120    0x57910
                [!provide]                PROVIDE (text_rodata_begin, .)
 *(.startup.text)
 .startup.text  0x01e00120       0x7a include_lib/liba/br30/cpu.a(startup.S.o)
                0x01e00120                _start
 *(.text)
 .text          0x01e0019a     0xe5d8 cpu\br30\tools\sdk.elf.o
                0x01e0118a                update_result_get
                0x01e09194                exception_analyze
 .text          0x01e0e772        0x0 obj/Release/apps/earphone/sdk_version.z.o
 .text          0x01e0e772        0x0 include_lib/liba/br30/cpu.a(startup.S.o)
 .text          0x01e0e772        0x0 include_lib/liba/br30/cpu.a(version.z.o)
 .text          0x01e0e772        0x0 include_lib/liba/br30/system.a(version.z.o)
 .text          0x01e0e772        0x0 include_lib/liba/br30/system.a(port_asm_mmu.S.o)
 .text          0x01e0e772        0x0 include_lib/liba/br30/btstack.a(version.z.o)
 .text          0x01e0e772        0x0 include_lib/liba/br30/btctrler.a(version.z.o)
 .text          0x01e0e772        0x0 include_lib/liba/br30/media.a(version.z.o)
 .text          0x01e0e772        0x0 include_lib/liba/br30/update.a(version.z.o)
 .text          0x01e0e772      0x10c C:\JL\pi32\pi32v2-lib\r3\libm.a(lib_a-s_ceil.o)
                0x01e0e772                ceil
 .text          0x01e0e87e        0x4 C:\JL\pi32\pi32v2-lib\r3\libm.a(lib_a-s_fabs.o)
                0x01e0e87e                fabs
 .text          0x01e0e882       0xfc C:\JL\pi32\pi32v2-lib\r3\libm.a(lib_a-s_floor.o)
                0x01e0e882                floor
 .text          0x01e0e97e       0x8e C:\JL\pi32\pi32v2-lib\r3\libm.a(lib_a-s_modf.o)
                0x01e0e97e                modf
 .text          0x01e0ea0c        0x4 C:\JL\pi32\pi32v2-lib\r3\libm.a(lib_a-w_exp.o)
                0x01e0ea0c                exp
 .text          0x01e0ea10        0x4 C:\JL\pi32\pi32v2-lib\r3\libm.a(lib_a-w_pow.o)
                0x01e0ea10                pow
 .text          0x01e0ea14      0x280 C:\JL\pi32\pi32v2-lib\r3\libm.a(lib_a-e_exp.o)
                0x01e0ea14                __ieee754_exp
 .text          0x01e0ec94      0x84a C:\JL\pi32\pi32v2-lib\r3\libm.a(lib_a-e_pow.o)
                0x01e0ec94                __ieee754_pow
 .text          0x01e0f4de      0x148 C:\JL\pi32\pi32v2-lib\r3\libm.a(lib_a-e_sqrt.o)
                0x01e0f4de                __ieee754_sqrt
 .text          0x01e0f626        0xa C:\JL\pi32\pi32v2-lib\r3\libm.a(lib_a-s_nan.o)
                0x01e0f626                nan
 .text          0x01e0f630       0xe2 C:\JL\pi32\pi32v2-lib\r3\libm.a(lib_a-s_scalbn.o)
                0x01e0f630                scalbn
 .text          0x01e0f712       0x20 C:\JL\pi32\pi32v2-lib\r3\libm.a(lib_a-s_copysign.o)
                0x01e0f712                copysign
 .text          0x01e0f732        0x0 C:\JL\pi32\pi32v2-lib\r3\libc.a(lib_a-ctype_.o)
 .text          0x01e0f732       0x18 C:\JL\pi32\pi32v2-lib\r3\libc.a(lib_a-memchr.o)
                0x01e0f732                memchr
 .text          0x01e0f74a       0x38 C:\JL\pi32\pi32v2-lib\r3\libc.a(lib_a-memcmp.o)
 .text          0x01e0f782       0xc2 C:\JL\pi32\pi32v2-lib\r3\libc.a(lib_a-memcpy.o)
 .text          0x01e0f844       0x28 C:\JL\pi32\pi32v2-lib\r3\libc.a(lib_a-memmem.o)
 .text          0x01e0f86c       0x2c C:\JL\pi32\pi32v2-lib\r3\libc.a(lib_a-memset.o)
 .text          0x01e0f898       0x18 C:\JL\pi32\pi32v2-lib\r3\libc.a(lib_a-strcat.o)
                0x01e0f898                strcat
 .text          0x01e0f8b0       0x14 C:\JL\pi32\pi32v2-lib\r3\libc.a(lib_a-strchr.o)
 .text          0x01e0f8c4       0xa0 C:\JL\pi32\pi32v2-lib\r3\libc.a(lib_a-strcmp.o)
 .text          0x01e0f964       0x6e C:\JL\pi32\pi32v2-lib\r3\libc.a(lib_a-strcpy.o)
 .text          0x01e0f9d2        0xc C:\JL\pi32\pi32v2-lib\r3\libc.a(lib_a-strlen.o)
 .text          0x01e0f9de       0x1a C:\JL\pi32\pi32v2-lib\r3\libc.a(lib_a-strncmp.o)
 .text          0x01e0f9f8       0x26 C:\JL\pi32\pi32v2-lib\r3\libc.a(lib_a-strncpy.o)
                0x01e0f9f8                strncpy
 .text          0x01e0fa1e       0x24 C:\JL\pi32\pi32v2-lib\r3\libc.a(lib_a-strrchr.o)
                0x01e0fa1e                strrchr
 .text          0x01e0fa42       0x2a C:\JL\pi32\pi32v2-lib\r3\libc.a(lib_a-strstr.o)
 .text          0x01e0fa6c       0x54 C:\JL\pi32\pi32v2-lib\r3\libc.a(lib_a-strtok_r.o)
                0x01e0fa6c                __strtok_r
                0x01e0fabc                strtok_r
 .text          0x01e0fac0      0x314 C:\JL\pi32\pi32v2-lib\r3\libcompiler-rt.a(adddf3.o)
                0x01e0fb00                __adddf3
 .text          0x01e0fdd4      0x1a0 C:\JL\pi32\pi32v2-lib\r3\libcompiler-rt.a(comparedf2.o)
                0x01e0fdd4                __ledf2
                0x01e0fdd4                __cmpdf2
                0x01e0fe84                __gedf2
                0x01e0ff2c                __unorddf2
                0x01e0ff6c                __eqdf2
                0x01e0ff6e                __ltdf2
                0x01e0ff70                __nedf2
                0x01e0ff72                __gtdf2
 .text          0x01e0ff74      0x346 C:\JL\pi32\pi32v2-lib\r3\libcompiler-rt.a(divdf3.o)
                0x01e0ffaa                __divdf3
 .text          0x01e102ba       0x54 C:\JL\pi32\pi32v2-lib\r3\libcompiler-rt.a(fixdfsi.o)
                0x01e102ba                __fixdfsi
 .text          0x01e1030e       0x4c C:\JL\pi32\pi32v2-lib\r3\libcompiler-rt.a(floatsidf.o)
                0x01e1030e                __floatsidf
 .text          0x01e1035a      0x2fa C:\JL\pi32\pi32v2-lib\r3\libcompiler-rt.a(muldf3.o)
                0x01e10390                __muldf3
 .text          0x01e10654        0x6 C:\JL\pi32\pi32v2-lib\r3\libcompiler-rt.a(subdf3.o)
                0x01e10654                __subdf3
 .text          0x01e1065a       0x7a C:\JL\pi32\pi32v2-lib\r3\libcompiler-rt.a(extendsfdf2.o)
                0x01e1065a                __extendsfdf2
 .text          0x01e106d4       0x34 C:\JL\pi32\pi32v2-lib\r3\libcompiler-rt.a(floatunsidf.o)
                0x01e106d4                __floatunsidf
 .text          0x01e10708      0x142 C:\JL\pi32\pi32v2-lib\r3\libcompiler-rt.a(truncdfsf2.o)
                0x01e10708                __truncdfsf2
 .text          0x01e1084a       0x10 C:\JL\pi32\pi32v2-lib\r3\libcompiler-rt.a(udivdi3.o)
                0x01e1084a                __udivdi3
 .text          0x01e1085a      0x226 C:\JL\pi32\pi32v2-lib\r3\libcompiler-rt.a(udivmoddi4.o)
                0x01e1085a                __udivmoddi4
                0x01e10a80                btstack_code_start = .
                0x01e10a80                . = ALIGN (0x4)
                0x01e10a80                a2dp_source_media_codec_begin = .
 *(.a2dp_source_media_codec)
 .a2dp_source_media_codec
                0x01e10a80       0x18 cpu\br30\tools\sdk.elf.o
                0x01e10a80                a2dp_source_codec
                0x01e10a98                a2dp_source_media_codec_end = .
                0x01e10a98                a2dp_sink_media_probe_begin = .
 *(.a2dp_sink_media_probe)
                0x01e10a98                a2dp_sink_media_probe_end = .
                0x01e10a98                a2dp_sink_media_codec_begin = .
 *(.a2dp_sink_media_codec)
 .a2dp_sink_media_codec
                0x01e10a98       0x30 cpu\br30\tools\sdk.elf.o
                0x01e10a98                a2dp_1sbc_codec_private
                0x01e10ab0                a2dp_2aac_sink_codec
                0x01e10ac8                a2dp_sink_media_codec_end = .
                0x01e10ac8                a2dp_event_handler_begin = .
 *(.a2dp_event_handler)
 .a2dp_event_handler
                0x01e10ac8       0x54 cpu\br30\tools\sdk.elf.o
                0x01e10ac8                a2dp_sink_event_handler
                0x01e10ae4                a2dp_source_event_handler
                0x01e10b00                acp_a2dp_event_handler
                0x01e10b1c                a2dp_event_handler_end = .
                0x01e10b1c                sdp_record_item_begin = .
 *(.sdp_record_item)
 .sdp_record_item
                0x01e10b1c       0x54 cpu\br30\tools\sdk.elf.o
                0x01e10b1c                a2dp_sdp_record_item
                0x01e10b28                arp_ct_sdp_record_item
                0x01e10b34                arp_ta_sdp_record_item
                0x01e10b40                hfp_sdp_record_item
                0x01e10b4c                hid_sdp_record_item
                0x01e10b58                pnp_sdp_record_item
                0x01e10b64                spp_sdp_record_item
                0x01e10b70                sdp_record_item_end = .
                0x01e10b70                bt_sleep_begin = .
 *(.bt_sleep)
 .bt_sleep      0x01e10b70       0x60 cpu\br30\tools\sdk.elf.o
                0x01e10b70                bt_suspend_a2dp_resumea2dp_release
                0x01e10b7c                bt_suspend_avctp_resumeavctp_release
                0x01e10b88                bt_suspend_hfp_resumehfp_release
                0x01e10b94                bt_suspend_hid_resumehid_release
                0x01e10ba0                bt_suspend_spp_resumespp_release
                0x01e10bac                bt_suspend_iap_resumeiap_release
                0x01e10bb8                bt_suspend_sdp_resumesdp_release
                0x01e10bc4                bt_suspend_user_cmd_loop_resumeuser_cmd_loop_release
                0x01e10bd0                bt_sleep_end = .
 *(.bt_stack_const)
 .bt_stack_const
                0x01e10bd0      0x900 cpu\br30\tools\sdk.elf.o
 *(.bt_stack_code)
 .bt_stack_code
                0x01e114d0     0xb66c cpu\br30\tools\sdk.elf.o
 *(.ble_db_const)
 *(.ble_db_code)
 *(.ble_sm_const)
 *(.ble_sm_code)
 *(.ble_att_const)
 *(.ble_att_code)
 *(.ble_gatt_const)
 *(.ble_gatt_code)
                0x01e1cb3c                BTSTACK_LE_HOST_MESH_CODE_START = .
 *(.ble_mesh_code)
 *(.ble_mesh_tinycrypt_code)
 *(.ble_mesh_const)
 *(.ble_mesh_tinycrypt_const)
                0x00000000                BTSTACK_LE_HOST_MESH_CODE_SIZE = ABSOLUTE ((. - BTSTACK_LE_HOST_MESH_CODE_START))
                0x01e1cb3c                btstack_code_end = .
                0x01e1cb3c                . = ALIGN (0x4)
                0x0000c0bc                BTSTACK_CODE_TOTAL_SIZE = (btstack_code_end - btstack_code_start)
                0x01e1cb3c                . = ALIGN (0x4)
                0x01e1cb3c                system_text_start = .
                0x01e1cb3c                _device_node_begin = .
                0x01e1cb3c                PROVIDE (device_node_begin, .)
 *(.device)
 .device        0x01e1cb3c        0xc cpu\br30\tools\sdk.elf.o
                0x01e1cb3c                device_table
                0x01e1cb48                _device_node_end = .
                0x01e1cb48                PROVIDE (device_node_end, .)
                0x01e1cb48                config_target_begin = .
                [!provide]                PROVIDE (config_target_begin, .)
 *(.config_target)
 .config_target
                0x01e1cb48        0x8 cpu\br30\tools\sdk.elf.o
                0x01e1cb48                eq_config_target
                0x01e1cb50                config_target_end = .
                [!provide]                PROVIDE (config_target_end, .)
                0x01e1cb50                system_code_begin = .
 *(.system.*.text)
 .system.cpu.text
                0x01e1cb50      0xf7a cpu\br30\tools\sdk.elf.o
                0x01e1cf06                vFillingTaskStack
                0x01e1cf2a                maskrom_init
                0x01e1da76                hw_mmu_disable
 .system.cbuf.text
                0x01e1daca      0x12c cpu\br30\tools\sdk.elf.o
 .system.event.text
                0x01e1dbf6      0x438 cpu\br30\tools\sdk.elf.o
 .system.lbuf.text
                0x01e1e02e       0x34 cpu\br30\tools\sdk.elf.o
 .system.timer.text
                0x01e1e062      0x6b4 cpu\br30\tools\sdk.elf.o
 .system.fs.text
                0x01e1e716      0x9a8 cpu\br30\tools\sdk.elf.o
 .system.ascii.text
                0x01e1f0be       0xbe cpu\br30\tools\sdk.elf.o
 .system.task.text
                0x01e1f17c       0x52 cpu\br30\tools\sdk.elf.o
 .system.cfg_tool.text
                0x01e1f1ce      0x6b6 cpu\br30\tools\sdk.elf.o
 .system.printf.text
                0x01e1f884      0x400 cpu\br30\tools\sdk.elf.o
 .system.app_core.text
                0x01e1fc84      0x292 cpu\br30\tools\sdk.elf.o
 .system.device.text
                0x01e1ff16       0xa4 cpu\br30\tools\sdk.elf.o
 .system.init.text
                0x01e1ffba     0x1198 cpu\br30\tools\sdk.elf.o
                0x01e1ffba                boot_info_init
                0x01e1ffe4                main
                0x01e21152                system_code_end = .
                0x01e21154                . = ALIGN (0x4)
 *fill*         0x01e21152        0x2 
                0x00004602                system_code_size = (system_code_end - system_code_begin)
                0x01e21154                vfs_ops_begin = .
 *(.vfs_operations)
 .vfs_operations
                0x01e21154       0x70 cpu\br30\tools\sdk.elf.o
                0x01e21154                sdfile_vfs_ops
                0x01e211c4                vfs_ops_end = .
                0x01e211c4                _lib_version_begin = .
                [!provide]                PROVIDE (lib_version_begin, .)
 *(.lib_version)
 .lib_version   0x01e211c4        0xc cpu\br30\tools\sdk.elf.o
                0x01e211c4                __version_sdfile
                0x01e211c8                __version_fs
                0x01e211cc                __version_fatfs
                0x01e211d0                _lib_version_end = .
                [!provide]                PROVIDE (lib_version_end, .)
                0x01e211d0                _initcall_begin = .
                0x01e211d0                PROVIDE (initcall_begin, .)
 *(.initcall)
 .initcall      0x01e211d0        0xc cpu\br30\tools\sdk.elf.o
                0x01e211d0                __initcall_app_chargestore_init
                0x01e211d4                __initcall_tone_table_init
                0x01e211d8                __initcall_eq_init
                0x01e211dc                _initcall_end = .
                0x01e211dc                PROVIDE (initcall_end, .)
                0x01e211dc                _early_initcall_begin = .
                0x01e211dc                PROVIDE (early_initcall_begin, .)
 *(.early.initcall)
 .early.initcall
                0x01e211dc        0x8 cpu\br30\tools\sdk.elf.o
                0x01e211dc                __initcall_sys_event_init
                0x01e211e0                __initcall_sdfile_init
                0x01e211e4                _early_initcall_end = .
                0x01e211e4                PROVIDE (early_initcall_end, .)
                0x01e211e4                _late_initcall_begin = .
                0x01e211e4                PROVIDE (late_initcall_begin, .)
 *(.late.initcall)
 .late.initcall
                0x01e211e4        0x8 cpu\br30\tools\sdk.elf.o
                0x01e211e4                __initcall_power_mode_init
                0x01e211e8                __initcall_sdk_meky_check
                0x01e211ec                _late_initcall_end = .
                0x01e211ec                PROVIDE (late_initcall_end, .)
                0x01e211ec                _platform_initcall_begin = .
                0x01e211ec                PROVIDE (platform_initcall_begin, .)
 *(.platform.initcall)
 .platform.initcall
                0x01e211ec        0x4 cpu\br30\tools\sdk.elf.o
                0x01e211ec                __initcall_syscfg_tools_init
                0x01e211f0                _platform_initcall_end = .
                0x01e211f0                PROVIDE (platform_initcall_end, .)
                0x01e211f0                _module_initcall_begin = .
                0x01e211f0                PROVIDE (module_initcall_begin, .)
 *(.module.initcall)
                0x01e211f0                _module_initcall_end = .
                0x01e211f0                PROVIDE (module_initcall_end, .)
                0x01e211f0                _sys_event_handler_begin = .
                0x01e211f0                PROVIDE (sys_event_handler_begin, .)
 *(.sys_event.4.handler)
 .sys_event.4.handler
                0x01e211f0        0x8 cpu\br30\tools\sdk.elf.o
                0x01e211f0                __event_handler_bt_tws_event_handler
 *(.sys_event.3.handler)
 *(.sys_event.2.handler)
 *(.sys_event.1.handler)
 *(.sys_event.0.handler)
                0x01e211f8                _sys_event_handler_end = .
                0x01e211f8                PROVIDE (sys_event_handler_end, .)
                0x01e211f8                _syscfg_arg_begin = .
                [!provide]                PROVIDE (syscfg_arg_begin, .)
 *(.syscfg.arg)
                0x01e211f8                _syscfg_arg_end = .
                [!provide]                PROVIDE (syscfg_arg_end, .)
                0x01e211f8                _syscfg_handler_begin = .
                [!provide]                PROVIDE (syscfg_handler_begin, .)
 *(.syscfg.handler)
                0x01e211f8                _syscfg_handler_end = .
                [!provide]                PROVIDE (syscfg_handler_end, .)
                0x01e211f8                _syscfg_ops_begin = .
                0x01e211f8                PROVIDE (syscfg_ops_begin, .)
 *(.syscfg.2.ops)
 .syscfg.2.ops  0x01e211f8       0x1c cpu\br30\tools\sdk.elf.o
                0x01e211f8                cfg_btif
 *(.syscfg.1.ops)
 .syscfg.1.ops  0x01e21214       0x1c cpu\br30\tools\sdk.elf.o
                0x01e21214                cfg_vm
 *(.syscfg.0.ops)
 .syscfg.0.ops  0x01e21230       0x1c cpu\br30\tools\sdk.elf.o
                0x01e21230                cfg_bin
                0x01e2124c                _syscfg_ops_end = .
                0x01e2124c                PROVIDE (syscfg_ops_end, .)
                0x01e2124c                _server_info_begin = .
                [!provide]                PROVIDE (server_info_begin, .)
 *(.server_info)
                0x01e2124c                _server_info_end = .
                [!provide]                PROVIDE (server_info_end, .)
                0x01e2124c                _bus_device_begin = .
                [!provide]                PROVIDE (bus_device_begin, .)
 *(.bus_device)
                0x01e2124c                _bus_device_end = .
                [!provide]                PROVIDE (bus_device_end, .)
                0x01e2124c                _sys_power_hal_ops_begin = .
                [!provide]                PROVIDE (sys_power_hal_ops_begin, .)
 *(.sys_power_hal_ops)
                0x01e2124c                _sys_power_hal_ops_end = .
                [!provide]                PROVIDE (sys_power_hal_ops_end, .)
                0x01e2124c                . = ALIGN (0x4)
                0x01e2124c                lp_target_begin = .
                [!provide]                PROVIDE (lp_target_begin, .)
 *(.lp_target)
 .lp_target     0x01e2124c       0xb4 cpu\br30\tools\sdk.elf.o
                0x01e2124c                key_lp_target
                0x01e21258                phone_incom_lp_target
                0x01e21264                audio_cvp_lp_target
                0x01e21270                audio_dec_init_lp_target
                0x01e2127c                bt_dec_lp_target
                0x01e21288                mic_demo_lp_target
                0x01e21294                audio_mc_device_lp_target
                0x01e212a0                eq_online_lp_target
                0x01e212ac                audio_tone_lp_target
                0x01e212b8                tone_dec_lp_target
                0x01e212c4                __wakeup_is_idle_target
                0x01e212d0                usb_dev_lp_target
                0x01e212dc                usr_systimer_lp_target
                0x01e212e8                btstack_lowpower_target
                0x01e212f4                ota_lp_target
                0x01e21300                lp_target_end = .
                [!provide]                PROVIDE (lp_target_end, .)
                0x01e21300                . = ALIGN (0x4)
                0x01e21300                deepsleep_target_begin = .
                [!provide]                PROVIDE (deepsleep_target_begin, .)
 *(.deepsleep_target)
 .deepsleep_target
                0x01e21300       0x30 cpu\br30\tools\sdk.elf.o
                0x01e21300                uart
                0x01e2130c                clk
                0x01e21318                tmr
                0x01e21324                os
                0x01e21330                deepsleep_target_end = .
                [!provide]                PROVIDE (deepsleep_target_end, .)
                0x01e21330                crypto_begin = .
 *(.crypto_ecdh_code)
 *(.crypto_ecdh_const)
 *(.crypto_bigint_code)
 .crypto_bigint_code
                0x01e21330      0x5ea cpu\br30\tools\sdk.elf.o
 *(.crypto_bigint_const)
 *(.crypto_code)
 .crypto_code   0x01e2191a      0x596 cpu\br30\tools\sdk.elf.o
 *(.crypto_const)
 .crypto_const  0x01e21eb0      0x171 cpu\br30\tools\sdk.elf.o
 *(.ECDH_sample_code)
 *(.ECDH_sample_const)
 *(.uECC_code)
 *fill*         0x01e22021        0x1 
 .uECC_code     0x01e22022     0x1f54 cpu\br30\tools\sdk.elf.o
 *(.uECC_const)
 *fill*         0x01e23f76        0x2 
 .uECC_const    0x01e23f78       0xb0 cpu\br30\tools\sdk.elf.o
 *(.hmac_code)
 .hmac_code     0x01e24028      0x32c cpu\br30\tools\sdk.elf.o
 *(.hmac_const)
 *(.hash_sample_code)
 *(.hash_sample_const)
 *(.aes_cmac_sample_code)
 *(.aes_cmac_sample_const)
                0x01e24354                crypto_end = .
                0x00003024                crypto_size = (. - crypto_begin)
 *(.mem_code)
 *(.mem_const)
 *(.os_port_code)
 *(.os_port_const)
                0x01e24354                system_text_end = .
                0x00007818                system_code_total_size = (system_text_end - system_text_start)
                0x01e24354                . = ALIGN (0x4)
                0x01e24354                update_target_begin = .
                [!provide]                PROVIDE (update_target_begin, .)
 *(.update_target)
 .update_target
                0x01e24354       0x10 cpu\br30\tools\sdk.elf.o
                0x01e24354                audio_update_target
                0x01e2435c                ble_update_target
                0x01e24364                update_target_end = .
                [!provide]                PROVIDE (update_target_end, .)
                0x01e24364                . = ALIGN (0x4)
 *(.classic_tws_const)
 .classic_tws_const
                0x01e24364        0x8 cpu\br30\tools\sdk.elf.o
 *(.classic_tws_code)
 .classic_tws_code
                0x01e2436c     0x6b4c cpu\br30\tools\sdk.elf.o
 *(.LOG_TAG_CONST*)
 *(.rodata*)
 .rodata.str1.1
                0x01e2aeb8      0x459 cpu\br30\tools\sdk.elf.o
                                0x483 (size before relaxing)
 *fill*         0x01e2b311        0xf 
 .rodata        0x01e2b320     0x1918 cpu\br30\tools\sdk.elf.o
 .rodata.cst16  0x01e2cc38       0x10 cpu\br30\tools\sdk.elf.o
 .rodata.cst32  0x01e2cc48       0x40 cpu\br30\tools\sdk.elf.o
 .rodata.cst8   0x01e2cc88       0x10 cpu\br30\tools\sdk.elf.o
 .rodata._ZTV15StaticAllocatorI9floatRealE
                0x01e2cc98       0x10 cpu\br30\tools\sdk.elf.o
 .rodata._ZTV15StaticAllocatorI7fixRealE
                0x01e2cca8       0x10 cpu\br30\tools\sdk.elf.o
 .rodata.cst16  0x01e2ccb8       0x30 C:\JL\pi32\pi32v2-lib\r3\libm.a(lib_a-e_exp.o)
 .rodata.str1.1
                0x01e2cce8        0x0 C:\JL\pi32\pi32v2-lib\r3\libm.a(lib_a-e_pow.o)
                                  0x1 (size before relaxing)
 .rodata.cst16  0x01e2cce8       0x30 C:\JL\pi32\pi32v2-lib\r3\libm.a(lib_a-e_pow.o)
 .rodata        0x01e2cd18      0x281 C:\JL\pi32\pi32v2-lib\r3\libc.a(lib_a-ctype_.o)
                0x01e2ce98                _ctype_
                0x01e2cf9c                . = ALIGN (0x4)
 *fill*         0x01e2cf99        0x3 
                [!provide]                PROVIDE (text_rodata_end, .)
                0x01e2cf9c                clock_critical_handler_begin = .
 *(.clock_critical_txt)
 .clock_critical_txt
                0x01e2cf9c       0x28 cpu\br30\tools\sdk.elf.o
                0x01e2cf9c                clock_chargestore
                0x01e2cfa4                clock_uart
                0x01e2cfac                clock_timer
                0x01e2cfb4                clock_lrc
                0x01e2cfbc                clock_port
                0x01e2cfc4                clock_critical_handler_end = .
                0x01e2cfc4                gsensor_dev_begin = .
 *(.gsensor_dev)
                0x01e2cfc4                gsensor_dev_end = .
                0x01e2cfc4                . = ALIGN (0x4)
                0x01e2cfc4                OMSensor_dev_begin = .
 *(.omsensor_dev)
                0x01e2cfc4                OMSensor_dev_end = .
                0x01e2cfc4                fm_dev_begin = .
 *(.fm_dev)
                0x01e2cfc4                fm_dev_end = .
                0x01e2cfc4                fm_emitter_dev_begin = .
 *(.fm_emitter_dev)
                0x01e2cfc4                fm_emitter_dev_end = .
                0x01e2cfc4                storage_device_begin = .
 *(.storage_device)
                0x01e2cfc4                storage_device_end = .
                0x01e2cfc4                . = ALIGN (0x4)
                0x01e2cfc4                ai_server_device_begin = .
 *(.ai_server_device)
                0x01e2cfc4                ai_server_device_end = .
 *(.opcore_table_maskrom)
 *(.bfilt_table_maskroom)
 *(.opcore_maskrom)
 .opcore_maskrom
                0x01e2cfc4      0x13c cpu\br30\tools\sdk.elf.o
 *(.bfilt_code)
 *(.bfilt_const)
                0x01e2d100                . = ALIGN (0x4)
                0x01e2d100                . = ALIGN (0x4)
                0x01e2d100                media_text_start = .
                0x01e2d100                . = ALIGN (0x4)
 *(.dns_16k_data)
 .dns_16k_data  0x01e2d100     0x3700 cpu\br30\tools\sdk.elf.o
 *(.dns_8k_data)
 .dns_8k_data   0x01e30800     0x3700 cpu\br30\tools\sdk.elf.o
 *(.jlsp_const)
 .jlsp_const    0x01e33f00      0x404 cpu\br30\tools\sdk.elf.o
 *(.jlsp_code)
 .jlsp_code     0x01e34304     0x1308 cpu\br30\tools\sdk.elf.o
 *(.ns_sparse_code)
 *(.aec_sparse_code)
 .aec_sparse_code
                0x01e3560c      0x2b4 cpu\br30\tools\sdk.elf.o
 *(.nlp_sparse_code)
 .nlp_sparse_code
                0x01e358c0      0x2c2 cpu\br30\tools\sdk.elf.o
 *(.der_sparse_code)
 *(.qmf_sparse_code)
 .qmf_sparse_code
                0x01e35b82       0x38 cpu\br30\tools\sdk.elf.o
 *(.bt_audioplc_code)
 .bt_audioplc_code
                0x01e35bba      0x444 cpu\br30\tools\sdk.elf.o
 *(.bt_audioplc_sparse_code)
 .bt_audioplc_sparse_code
                0x01e35ffe       0x2a cpu\br30\tools\sdk.elf.o
 *(.bt_audioplc_const)
 .bt_audioplc_const
                0x01e36028        0xc cpu\br30\tools\sdk.elf.o
 *(.dms_sparse_code)
 *(.bark_const)
                0x01e36034                . = ALIGN (0x4)
 *(.pcm_code)
 .pcm_code      0x01e36034       0x92 cpu\br30\tools\sdk.elf.o
 *(.pcm_const)
 *(.cvsd_code)
 .cvsd_code     0x01e360c6      0x2ee cpu\br30\tools\sdk.elf.o
 *(.cvsd_const)
 *(.g729_code)
 .g729_code     0x01e363b4      0x1ea cpu\br30\tools\sdk.elf.o
 *(.g729_const)
 *(.mp3_code)
 .mp3_code      0x01e3659e      0x42c cpu\br30\tools\sdk.elf.o
 *(.mp3_const)
 *(.mp3_dec_code)
 .mp3_dec_code  0x01e369ca     0x2ea8 cpu\br30\tools\sdk.elf.o
 *(.mp3_dec_const)
 *fill*         0x01e39872        0x2 
 .mp3_dec_const
                0x01e39874     0x2b2c cpu\br30\tools\sdk.elf.o
 *(.mp3_dec_sparse_code)
 .mp3_dec_sparse_code
                0x01e3c3a0      0xf90 cpu\br30\tools\sdk.elf.o
 *(.mp3_decstream_code)
 *(.mp3_decstream_const)
 *(.mp3_decstream_sparse_code)
 *(.msbc_code)
 .msbc_code     0x01e3d330      0x4a2 cpu\br30\tools\sdk.elf.o
 *(.msbc_const)
 *fill*         0x01e3d7d2        0x2 
 .msbc_const    0x01e3d7d4       0x4e cpu\br30\tools\sdk.elf.o
 *(.sbc_code)
 .sbc_code      0x01e3d822      0x28a cpu\br30\tools\sdk.elf.o
 *(.sbc_const)
 *(.sbc_hw_code)
 .sbc_hw_code   0x01e3daac      0x394 cpu\br30\tools\sdk.elf.o
 *(.sbc_hw_const)
 *(.sine_code)
 *(.sine_const)
 *(.wav_code)
 .wav_code      0x01e3de40      0x30e cpu\br30\tools\sdk.elf.o
 *(.wav_const)
 *(.wav_dec_code)
 .wav_dec_code  0x01e3e14e      0x99a cpu\br30\tools\sdk.elf.o
 *(.wav_dec_const)
 .wav_dec_const
                0x01e3eae8      0x228 cpu\br30\tools\sdk.elf.o
 *(.wav_dec_sparse_code)
 .wav_dec_sparse_code
                0x01e3ed10      0x6be cpu\br30\tools\sdk.elf.o
 *(.wav_dec_sparse_const)
 *(.wma_code)
 *(.wma_const)
 *(.wma_dec_code)
 *(.wma_dec_const)
 *(.wma_dec_sparse_code)
 *(.wma_dec_sparse_const)
 *(.wma_decstream_code)
 *(.wma_decstream_const)
 *(.wma_decstream_sparse_code)
 *(.aac_code)
 .aac_code      0x01e3f3ce      0x388 cpu\br30\tools\sdk.elf.o
 *(.aac_const)
 *(.amr_code)
 *(.amr_const)
 *(.audio_decoder_code)
 .audio_decoder_code
                0x01e3f756      0x73e cpu\br30\tools\sdk.elf.o
 *(.audio_decoder_const)
 *(.media_device_code)
 *(.media_device_const)
 *(.audio_encoder_code)
 *(.audio_encoder_const)
 *(.mixer_code)
 .mixer_code    0x01e3fe94      0x194 cpu\br30\tools\sdk.elf.o
 *(.mixer_const)
 *(.dec_server_code)
 *(.dec_server_const)
 *(.rec_server_code)
 *(.rec_server_const)
 *(.auto_mute_code)
 *(.auto_mute_const)
 *(.plc_code)
 *(.plc_const)
 *(.wireless_sync_code)
 *(.wireless_sync_const)
 *(.sbc_eng_code)
 *(.sbc_eng_const)
 *(.audio_codec_code)
 *(.bt_compressor_sparse_const)
 *(.bt_compressor_sparse_code)
 *(.compressor_sparse_code)
 *(.compressor_sparse_const)
 *(.bt_limiter_sparse_const)
 *(.bt_limiter_sparse_code)
 *(.limiter_sparse_code)
 *(.limiter_sparse_const)
 *(.bt_crossOver_sparse_const)
 *(.bt_crossOver_sparse_code)
 *(.crossOver_sparse_code)
 *(.crossOver_sparse_const)
                0x01e40028                . = ALIGN (0x4)
                0x01e40028                _audio_decoder_begin = .
                0x01e40028                PROVIDE (audio_decoder_begin, .)
 *(.audio_decoder)
 .audio_decoder
                0x01e40028      0x220 cpu\br30\tools\sdk.elf.o
                0x01e40028                aac_decoder
                0x01e4006c                wav_decoder
                0x01e400b0                g729_decoder
                0x01e400f4                mp3_decoder
                0x01e40138                pcm_decoder
                0x01e4017c                sbc_decoder
                0x01e401c0                msbc_decoder
                0x01e40204                cvsd_decoder
                0x01e40248                _audio_decoder_end = .
                0x01e40248                PROVIDE (audio_decoder_end, .)
                0x01e40248                _audio_encoder_begin = .
                0x01e40248                PROVIDE (audio_encoder_begin, .)
 *(.audio_encoder)
 .audio_encoder
                0x01e40248       0x40 cpu\br30\tools\sdk.elf.o
                0x01e40248                cvsd_encoder
                0x01e40268                msbc_encoder
                0x01e40288                _audio_encoder_end = .
                0x01e40288                PROVIDE (audio_encoder_end, .)
                0x01e40288                _audio_package_begin = .
                [!provide]                PROVIDE (audio_package_begin, .)
 *(.audio_package)
                0x01e40288                _audio_package_end = .
                [!provide]                PROVIDE (audio_package_end, .)
                0x01e40288                _audio_dev_begin = .
                [!provide]                PROVIDE (audio_dev_begin, .)
 *(.audio_device)
                0x01e40288                _audio_dev_end = .
                [!provide]                PROVIDE (audio_dev_end, .)
                0x01e40288                _audio_hwaccel_begin = .
                0x01e40288                PROVIDE (audio_hwaccel_begin, .)
 *(.audio_hwaccel)
 .audio_hwaccel
                0x01e40288       0x24 cpu\br30\tools\sdk.elf.o
                0x01e40288                sbc_hwaccel
                0x01e402ac                _audio_hwaccel_end = .
                0x01e402ac                PROVIDE (audio_hwaccel_end, .)
                0x01e402ac                . = ALIGN (0x4)
                0x01e402ac                media_code_begin = .
 *(.media.*.text)
 .media.media_cpu.text
                0x01e402ac     0x1e50 cpu\br30\tools\sdk.elf.o
 .media.audio_decoder.text
                0x01e420fc       0x62 cpu\br30\tools\sdk.elf.o
 .media.mixer.text
                0x01e4215e       0x20 cpu\br30\tools\sdk.elf.o
 .media.bluetooth_audio.text
                0x01e4217e       0xe8 cpu\br30\tools\sdk.elf.o
 .media.audio_encoder.text
                0x01e42266       0x24 cpu\br30\tools\sdk.elf.o
                0x01e4228c                . = ALIGN (0x4)
 *fill*         0x01e4228a        0x2 
 *(.compressor_code)
 *(.compressor_const)
 *(.bt_compressor_const)
 *(.bt_compressor_code)
 *(.crossOver_code)
 *(.crossOver_const)
 *(.bt_crossOver_const)
 *(.bt_crossOver_code)
 *(.limiter_code)
 *(.limiter_const)
 *(.bt_limiter_const)
 *(.bt_limiter_code)
                0x01e4228c                . = ALIGN (0x4)
 *(.sur_cal_const)
 *(.sur_cal_code)
                0x01e4228c                . = ALIGN (0x4)
 *(.lib_pitchshift_code)
 *(.lib_pitchshift_const)
                0x01e4228c                . = ALIGN (0x4)
 *(.lf_audioplc_sparse_code)
 .lf_audioplc_sparse_code
                0x01e4228c       0x7c cpu\br30\tools\sdk.elf.o
 *(.lf_audioplc_code)
 .lf_audioplc_code
                0x01e42308      0x46a cpu\br30\tools\sdk.elf.o
 *(.lf_audioplc_const)
 *fill*         0x01e42772        0x2 
 .lf_audioplc_const
                0x01e42774        0xc cpu\br30\tools\sdk.elf.o
 *(.audio_dac_code)
 .audio_dac_code
                0x01e42780      0xd0a cpu\br30\tools\sdk.elf.o
 *(.audio_dac_const)
                0x01e4348a                media_code_end = .
                0x01e4348c                . = ALIGN (0x4)
 *fill*         0x01e4348a        0x2 
                0x000031de                media_code_size = (media_code_end - media_code_begin)
                0x01e4348c                . = ALIGN (0x4)
                0x01e4348c                media_text_end = .
                0x01e4348c                . = ALIGN (0x4)
                0x01e4348c                __VERSION_BEGIN = .
 *(.sys.version)
 .sys.version   0x01e4348c       0x23 obj/Release/apps/earphone/sdk_version.z.o
 .sys.version   0x01e434af       0x1e include_lib/liba/br30/cpu.a(version.z.o)
                0x01e434af                lib_driver_version
 .sys.version   0x01e434cd       0x1e include_lib/liba/br30/system.a(version.z.o)
                0x01e434cd                lib_system_version
 .sys.version   0x01e434eb       0x1f include_lib/liba/br30/btstack.a(version.z.o)
                0x01e434eb                lib_btstack_version
 .sys.version   0x01e4350a       0x20 include_lib/liba/br30/btctrler.a(version.z.o)
                0x01e4350a                lib_btctler_version
 .sys.version   0x01e4352a       0x1d include_lib/liba/br30/media.a(version.z.o)
                0x01e4352a                lib_media_version
 .sys.version   0x01e43547       0x1e include_lib/liba/br30/update.a(version.z.o)
                0x01e43547                lib_update_version
                0x01e43565                __VERSION_END = .
 *(.noop_version)
 .noop_version  0x01e43565       0x18 include_lib/liba/br30/cpu.a(startup.S.o)
                0x01e43580                . = ALIGN (0x4)
 *fill*         0x01e4357d        0x3 
                0x01e43580                _SPI_CODE_START = .
 *(.spi_code)
 .spi_code      0x01e43580      0x750 cpu\br30\tools\sdk.elf.o
                0x01e43824                __udelay
                0x01e439f0                check_system_wakeup
                0x01e43b12                flushinv_dcache_api
                0x01e43b56                norflash_erase
                0x01e43c2c                read_flash_id
                0x01e43cd0                . = ALIGN (0x4)
                0x01e43cd0                _SPI_CODE_END = .
                0x01e43cd0                . = ALIGN (0x4)
 *(.media.audio*)
 *(.media.mixer*)
 *(.media.media*)
 *(.wtg_dec_code)
 .wtg_dec_code  0x01e43cd0      0xd5a cpu\br30\tools\sdk.elf.o
 *(.wtg_dec_const)
 *fill*         0x01e44a2a        0x2 
 .wtg_dec_const
                0x01e44a2c     0x10b4 cpu\br30\tools\sdk.elf.o
 *(.wtg_dec_sparse_code)
 .wtg_dec_sparse_code
                0x01e45ae0       0xe4 cpu\br30\tools\sdk.elf.o
                0x01e45be0                . = ALIGN (0x20)
 *fill*         0x01e45bc4       0x1c 
                0x01e45be0                m_code_addr = .
 *(.m.code*)
 *(.movable.code*)
                0x00000000                m_code_size = ABSOLUTE ((. - m_code_addr))
                0x01e45be0                . = ALIGN (0x20)
                0x01e45be0                btctler_code_start = .
                0x01e45be0                BTCTLER_CONTROLLER_CODE_START = .
 *(.bt_rf_const)
 .bt_rf_const   0x01e45be0      0x42c cpu\br30\tools\sdk.elf.o
 *(.bt_rf_code)
 .bt_rf_code    0x01e4600c     0x206e cpu\br30\tools\sdk.elf.o
 *(.vendor_manager_const)
 *(.vendor_manager_code)
 *(.device_manager_const)
 *(.device_manager_code)
 *(.hci_controller_const)
 *fill*         0x01e4807a        0x2 
 .hci_controller_const
                0x01e4807c       0x28 cpu\br30\tools\sdk.elf.o
 *(.hci_controller_code)
 .hci_controller_code
                0x01e480a4      0x5aa cpu\br30\tools\sdk.elf.o
 *(.hci_interface_const)
 *(.hci_interface_code)
                0x00002a6e                BTCTLER_CONTROLLER_CODE_SIZE = ABSOLUTE ((. - BTCTLER_CONTROLLER_CODE_START))
                0x01e4864e                BTCTLER_LE_CONTROLLER_CODE_START = .
 *(.ble_rf_const)
 *(.ble_rf_code)
 .ble_rf_code   0x01e4864e      0x142 cpu\br30\tools\sdk.elf.o
 *(.ble_ll_const)
 *(.ble_ll_code)
 .ble_ll_code   0x01e48790       0xb0 cpu\br30\tools\sdk.elf.o
 *(.ble_hci_const)
 *(.ble_hci_code)
 .ble_hci_code  0x01e48840       0x12 cpu\br30\tools\sdk.elf.o
 *(.classic_hci_const)
 *(.classic_hci_code)
                0x00000204                BTCTLER_LE_CONTROLLER_CODE_SIZE = ABSOLUTE ((. - BTCTLER_LE_CONTROLLER_CODE_START))
                0x01e48852                BTCTLER_CL_CODE_START = .
 *(.bredr_irq)
 *(.bredr_irq_code)
 *(.bredr_irq_const)
 *(.classic_lmp_const)
 .classic_lmp_const
                0x01e48852       0x14 cpu\br30\tools\sdk.elf.o
 *(.classic_lmp_auth_const)
 .classic_lmp_auth_const
                0x01e48866      0x4f0 cpu\br30\tools\sdk.elf.o
 *(.classic_lmp_bigint_const)
 *(.classic_lmp_crypt_const)
 *(.classic_lmp_ecdh_const)
 *(.classic_lmp_hmac_const)
 *(.classic_lmp_code)
 .classic_lmp_code
                0x01e48d56     0x4774 cpu\br30\tools\sdk.elf.o
 *(.classic_lmp_auth_code)
 .classic_lmp_auth_code
                0x01e4d4ca      0x640 cpu\br30\tools\sdk.elf.o
 *(.classic_lmp_bigint_code)
 *(.classic_lmp_crypt_code)
 *(.classic_lmp_ecdh_code)
 *(.classic_lmp_hmac_code)
 *(.classic_rf_const)
 *fill*         0x01e4db0a        0x2 
 .classic_rf_const
                0x01e4db0c       0x74 cpu\br30\tools\sdk.elf.o
 *(.classic_rf_code)
 .classic_rf_code
                0x01e4db80      0x998 cpu\br30\tools\sdk.elf.o
 *(.classic_bb_const)
 *(.classic_bb_code)
                0x00005cc6                BTCTLER_CL_CODE_SIZE = ABSOLUTE ((. - BTCTLER_CL_CODE_START))
                0x01e4e518                . = ALIGN (0x4)
 *(.classic_tws_const)
 *(.classic_tws_code)
 *(.classic_tws_code.esco)
 .classic_tws_code.esco
                0x01e4e518      0xf76 cpu\br30\tools\sdk.elf.o
 *(.lmp_irq_code)
 .lmp_irq_code  0x01e4f48e      0x418 cpu\br30\tools\sdk.elf.o
 *(.link_bulk_code)
 .link_bulk_code
                0x01e4f8a6      0x3dc cpu\br30\tools\sdk.elf.o
 *(.frame_irq_code)
 .frame_irq_code
                0x01e4fc82      0x6fa cpu\br30\tools\sdk.elf.o
                0x01e5037c                . = ALIGN (0x4)
 *(.link_task_const)
 .link_task_const
                0x01e5037c        0x8 cpu\br30\tools\sdk.elf.o
 *(.link_task_code)
 .link_task_code
                0x01e50384      0x806 cpu\br30\tools\sdk.elf.o
                0x01e50b8c                . = ALIGN (0x4)
 *fill*         0x01e50b8a        0x2 
 *(.classic_irq_const)
 .classic_irq_const
                0x01e50b8c        0x8 cpu\br30\tools\sdk.elf.o
 *(.classic_irq_code)
 .classic_irq_code
                0x01e50b94     0x2bf2 cpu\br30\tools\sdk.elf.o
                0x01e53788                . = ALIGN (0x4)
 *fill*         0x01e53786        0x2 
 *(.tws_irq_code)
 .tws_irq_code  0x01e53788     0x2014 cpu\br30\tools\sdk.elf.o
                0x01e5579c                . = ALIGN (0x4)
                0x01e5579c                tws_sync_call_begin = .
 *(.tws_sync_call)
 .tws_sync_call
                0x01e5579c       0x30 cpu\br30\tools\sdk.elf.o
                0x01e557cc                tws_sync_call_end = .
                0x01e557cc                . = ALIGN (0x4)
                0x01e557cc                tws_func_stub_begin = .
 *(.tws_func_stub)
 .tws_func_stub
                0x01e557cc       0x48 cpu\br30\tools\sdk.elf.o
                0x01e55814                tws_func_stub_end = .
 *(.tws_media_sync_code)
 .tws_media_sync_code
                0x01e55814      0x722 cpu\br30\tools\sdk.elf.o
 *(.tws_media_sync_const)
 *(.tws_data_forward_code)
 *(.tws_data_forward_const)
                0x01e55f38                . = ALIGN (0x4)
 *fill*         0x01e55f36        0x2 
                0x01e55f38                tws_sync_channel_begin = .
 *(.tws_sync_channel.0)
 *(.tws_sync_channel.1)
 .tws_sync_channel.1
                0x01e55f38       0x1c cpu\br30\tools\sdk.elf.o
                0x01e55f38                tws_link_sync
 *(.tws_sync_channel.2)
 .tws_sync_channel.2
                0x01e55f54       0x1c cpu\br30\tools\sdk.elf.o
                0x01e55f54                tws_conn_sync
 *(.tws_sync_channel.3)
 .tws_sync_channel.3
                0x01e55f70       0x1c cpu\br30\tools\sdk.elf.o
                0x01e55f70                tws_afh_sync
 *(.tws_sync_channel.4)
 *(.tws_sync_channel.5)
 *(.tws_sync_channel.6)
 .tws_sync_channel.6
                0x01e55f8c       0x1c cpu\br30\tools\sdk.elf.o
                0x01e55f8c                tws_acl_data_sync
 *(.tws_sync_channel.7)
 .tws_sync_channel.7
                0x01e55fa8       0x1c cpu\br30\tools\sdk.elf.o
                0x01e55fa8                tws_media_sync
 *(.tws_sync_channel.8)
 .tws_sync_channel.8
                0x01e55fc4       0x1c cpu\br30\tools\sdk.elf.o
                0x01e55fc4                tws_event_sync
 *(.tws_sync_channel.9)
 .tws_sync_channel.9
                0x01e55fe0       0x1c cpu\br30\tools\sdk.elf.o
                0x01e55fe0                tws_sync_call
 *(.tws_sync_channel.10)
 .tws_sync_channel.10
                0x01e55ffc       0x1c cpu\br30\tools\sdk.elf.o
                0x01e55ffc                tws_power_balance
 *(.tws_sync_channel.11)
 .tws_sync_channel.11
                0x01e56018       0x1c cpu\br30\tools\sdk.elf.o
                0x01e56018                tws_ci_data
 *(.tws_sync_channel.12)
 .tws_sync_channel.12
                0x01e56034       0x1c cpu\br30\tools\sdk.elf.o
                0x01e56034                tws_local_media_sync
 *(.tws_sync_channel.13)
 .tws_sync_channel.13
                0x01e56050       0x1c cpu\br30\tools\sdk.elf.o
                0x01e56050                tws_lmp_slot_sync
                0x01e5606c                tws_sync_channel_end = .
                0x01e5606c                btctler_code_end = .
                0x01e5606c                . = ALIGN (0x4)
                0x01e5606c                update_code_start = .
 *(.bt_updata_ram_code)
 .bt_updata_ram_code
                0x01e5606c       0x84 cpu\br30\tools\sdk.elf.o
 *(.update_const)
 .update_const  0x01e560f0      0x170 cpu\br30\tools\sdk.elf.o
 *(.update_code)
 .update_code   0x01e56260      0xe2e cpu\br30\tools\sdk.elf.o
                0x01e5708e                update_code_end = .
                0x01e5708e                driver_code_start = .
 *(.fm_code)
                0x01e5708e                CLOCK_CODE_START = .
 *(.clock_code)
 .clock_code    0x01e5708e      0x9a2 cpu\br30\tools\sdk.elf.o
 *(.clock_const)
                0x000009a2                CLOCK_CODE_SIZE = ABSOLUTE ((. - CLOCK_CODE_START))
 *(.debug_code)
 *(.debug_const)
 *(.power_code)
 *(.power_const)
 *(.uart_code)
 *(.uart_const)
                0x01e57a30                driver_code_end = .
                0x01e57a30                . = ALIGN (0x4)
                0x00000000                . = ORIGIN (ram0)

.mmu_tlb        0x00000000      0xb00
 *(.mmu_tlb_segment)
 .mmu_tlb_segment
                0x00000000      0xb00 cpu\br30\tools\sdk.elf.o

.boot_info      0x00000b00       0x40
 *(.boot_info)
 .boot_info     0x00000b00       0x28 cpu\br30\tools\sdk.elf.o
                0x00000b40                . = ALIGN (0x20)
 *fill*         0x00000b28       0x18 

.irq_stack      0x00000b40      0x600
                0x00000b40                _cpu0_sstack_begin = .
                [!provide]                PROVIDE (cpu0_sstack_begin, .)
 *(.stack)
 .stack         0x00000b40      0x600 include_lib/liba/br30/cpu.a(startup.S.o)
                0x00001140                _stack
                0x00001140                _cpu0_sstack_end = .
                [!provide]                PROVIDE (cpu0_sstack_end, .)
                0x00001140                _stack_end = .
                0x00001140                . = ALIGN (0x4)

.data           0x00001140      0xee0
                0x00001140                . = ALIGN (0x4)
 *(.data_magic)
 .data_magic    0x00001140       0x40 cpu\br30\tools\sdk.elf.o
                0x00001140                data_magic
 *(.audio_dec_data)
                0x00001180                . = ALIGN (0x4)
                0x00001180                . = ALIGN (0x4)
                0x00001180                audio_sync_data_begin = .
 *(.audio_sync_data)
 .audio_sync_data
                0x00001180       0x28 cpu\br30\tools\sdk.elf.o
                0x000011a8                audio_sync_data_end = .
                0x000011a8                . = ALIGN (0x4)
 *(.jlsp_data)
 .jlsp_data     0x000011a8        0x6 cpu\br30\tools\sdk.elf.o
 *(.sbc_data)
 *fill*         0x000011ae        0x2 
 .sbc_data      0x000011b0        0x4 cpu\br30\tools\sdk.elf.o
 *(.sbc_hw_data)
 .sbc_hw_data   0x000011b4       0x58 cpu\br30\tools\sdk.elf.o
 *(.msbc_data)
 .msbc_data     0x0000120c        0x4 cpu\br30\tools\sdk.elf.o
 *(.cvsd_data)
 .cvsd_data     0x00001210       0x14 cpu\br30\tools\sdk.elf.o
 *(.aac_data)
 *(.sbc_eng_data)
 *(.bt_audioplc_data)
 *(.lf_audioplc_data)
 *(.audio_syncts_data)
 *(.audio_timestamp_data)
 .audio_timestamp_data
                0x00001224        0x8 cpu\br30\tools\sdk.elf.o
 *(.audio_dac_data)
 .audio_dac_data
                0x0000122c        0x6 cpu\br30\tools\sdk.elf.o
 *(.audio_dec_api_data)
 *fill*         0x00001232        0x2 
 .audio_dec_api_data
                0x00001234       0x1c cpu\br30\tools\sdk.elf.o
                0x00001250                . = ALIGN (0x4)
 *(.wav_data)
 *(.wav_dec_data)
 *(.wav_mem)
 *(.wav_ctrl_mem)
                0x00001250                . = ALIGN (0x4)
 *(.data*)
 .data          0x00001250      0x3a0 cpu\br30\tools\sdk.elf.o
                0x00001340                jiffies
 .data          0x000015f0        0x4 C:\JL\pi32\pi32v2-lib\r3\libc.a(lib_a-ctype_.o)
                0x000015f0                __ctype_ptr__
                0x00001600                . = ALIGN (0x20)
 *fill*         0x000015f4        0xc 
                0x00001600                btstack_data_start = .
 *(.bt_stack_data)
 .bt_stack_data
                0x00001600       0xd4 cpu\br30\tools\sdk.elf.o
 *(.ble_db_data)
 *(.ble_sm_data)
 *(.ble_att_data)
 *(.ble_gatt_data)
                0x000016d4                BTSTACK_LE_HOST_MESH_DATA_START = .
                0x000016d4                . = ((. + 0x3) & 0xfffffffc)
                0x000016d4                _net_buf_pool_list = .
 *(._net_buf_pool.static.*)
 *(.ble_mesh_data)
 *(.ble_mesh_tinycrypt_data)
                0x00000000                BTSTACK_LE_HOST_MESH_DATA_SIZE = ABSOLUTE ((. - BTSTACK_LE_HOST_MESH_DATA_START))
                0x000016d4                btstack_data_end = .
                0x000016d4                . = ALIGN (0x4)
                0x000016d4                . = ALIGN (0x4)
                0x000016d4                system_data_start = .
                0x000016d4                _video_subdev_begin = .
                [!provide]                PROVIDE (video_subdev_begin, .)
 *(.video_subdev.0)
 *(.video_subdev.1)
 *(.video_subdev.2)
 *(.video_subdev.3)
 *(.video_subdev.4)
 *(.video_subdev.5)
                0x000016d4                _video_subdev_end = .
                [!provide]                PROVIDE (video_subdev_end, .)
                0x000016d4                _audio_subdev_begin = .
                [!provide]                PROVIDE (audio_subdev_begin, .)
 *(.audio_subdev.0)
 *(.audio_subdev.1)
 *(.audio_subdev.2)
 *(.audio_subdev.3)
                0x000016d4                _audio_subdev_end = .
                [!provide]                PROVIDE (audio_subdev_end, .)
                0x000016d4                _iic_device_begin = .
                [!provide]                PROVIDE (iic_device_begin, .)
 *(.iic)
                0x000016d4                _iic_device_end = .
                [!provide]                PROVIDE (iic_device_end, .)
                0x000016d4                _avin_spi_device_begin = .
                [!provide]                PROVIDE (avin_spi_device_begin, .)
 *(.sw_spi)
                0x000016d4                _avin_spi_device_end = .
                [!provide]                PROVIDE (avin_spi_device_end, .)
                0x000016d4                _video_dev_begin = .
                [!provide]                PROVIDE (video_dev_begin, .)
 *(.video_device)
                0x000016d4                _video_dev_end = .
                [!provide]                PROVIDE (video_dev_end, .)
                0x000016d4                _key_driver_ops_begin = .
                [!provide]                PROVIDE (key_driver_ops_begin, .)
 *(.key_driver_ops)
                0x000016d4                _key_driver_ops_end = .
                [!provide]                PROVIDE (key_driver_ops_end, .)
                0x000016d4                _touch_driver_begin = .
                [!provide]                PROVIDE (touch_driver_begin, .)
 *(.touch_driver)
                0x000016d4                _touch_driver_end = .
                [!provide]                PROVIDE (touch_driver_end, .)
                0x000016d4                _static_hi_timer_begin = .
                [!provide]                PROVIDE (static_hi_timer_begin, .)
 *(.hi_timer)
                0x000016d4                _static_hi_timer_end = .
                [!provide]                PROVIDE (static_hi_timer_end, .)
                0x000016d4                _sys_cpu_timer_begin = .
                0x000016d4                PROVIDE (sys_cpu_timer_begin, .)
 *(.sys_cpu_timer)
                0x000016d4                _sys_cpu_timer_end = .
                0x000016d4                PROVIDE (sys_cpu_timer_end, .)
                0x000016d4                _sys_config_begin = .
                [!provide]                PROVIDE (sys_config_begin, .)
 *(.sys_cfg)
                0x000016d4                _sys_config_end = .
                [!provide]                PROVIDE (sys_config_end, .)
                0x000016d4                _sys_fat_begin = .
                [!provide]                PROVIDE (sys_fat_begin, .)
 *(.fs_fat)
                0x000016d4                _sys_fat_end = .
                [!provide]                PROVIDE (sys_fat_end, .)
                0x000016d4                _app_begin = .
                0x000016d4                PROVIDE (app_begin, .)
 *(.app)
 .app           0x000016d4       0x40 cpu\br30\tools\sdk.elf.o
                0x00001714                _app_end = .
                0x00001714                PROVIDE (app_end, .)
                0x00001714                _os_begin = .
                [!provide]                PROVIDE (os_begin, .)
 *(.os_str)
 *(.os_data)
                0x00001714                _os_end = .
                [!provide]                PROVIDE (os_end, .)
 *(.crypto_ecdh_data)
 *(.crypto_data)
 *(.mem_data)
 *(.os_port_data)
 *(.uECC_data)
 *(.ECDH_sample_data)
                0x00001714                system_data_end = .
                0x00001714                . = ALIGN (0x4)
                0x00001714                btctler_data_start = .
                0x00001714                BTCTLER_CONTROLLER_DATA_START = .
 *(.bt_rf_data)
 .bt_rf_data    0x00001714      0x630 cpu\br30\tools\sdk.elf.o
 *(.vendor_manager_data)
 *(.device_manager_data)
 *(.hci_controller_data)
 .hci_controller_data
                0x00001d44       0xb8 cpu\br30\tools\sdk.elf.o
 *(.hci_interface_data)
                0x000006e8                BTCTLER_CONTROLLER_DATA_SIZE = ABSOLUTE ((. - BTCTLER_CONTROLLER_DATA_START))
                0x00001dfc                BTCTLER_LE_CONTROLLER_DATA_START = .
 *(.ble_ll_data)
 *(.ble_hci_data)
 .ble_hci_data  0x00001dfc       0xac cpu\br30\tools\sdk.elf.o
 *(.classic_hci_data)
 *(.ble_rf_data)
 .ble_rf_data   0x00001ea8        0x4 cpu\br30\tools\sdk.elf.o
                0x000000b0                BTCTLER_LE_CONTROLLER_DATA_SIZE = ABSOLUTE ((. - BTCTLER_LE_CONTROLLER_DATA_START))
                0x00001eac                BTCTLER_CL_DATA_START = .
 *(.classic_lmp_data)
 .classic_lmp_data
                0x00001eac       0xd8 cpu\br30\tools\sdk.elf.o
 *(.classic_lmp_auth_data)
 *(.classic_lmp_bigint_data)
 *(.classic_lmp_crypt_data)
 *(.classic_lmp_ecdh_data)
 *(.classic_lmp_linkbulk_data)
 *(.classic_lmp_hmac_data)
 *(.classic_rf_data)
 *(.classic_bb_data)
                0x000000d8                BTCTLER_CL_DATA_SIZE = ABSOLUTE ((. - BTCTLER_CL_DATA_START))
                0x00001f84                btctler_data_end = .
                0x00001f84                update_data_start = .
                0x00001f84                update_data_end = .
                0x00001f84                driver_data_start = .
                0x00001f84                CLOCK_DATA_START = .
 *(.clock_data)
 .clock_data    0x00001f84       0x80 cpu\br30\tools\sdk.elf.o
                0x00000080                CLOCK_DATA_SIZE = ABSOLUTE ((. - CLOCK_DATA_START))
 *(.debug_data)
 *(.power_data)
 *(.uart_data)
                0x00002004                driver_data_end = .
                0x00002020                . = ALIGN (0x20)
 *fill*         0x00002004       0x1c 

.aec_bss_id     0x00002020        0x4
 .aec_bss_id    0x00002020        0x4 cpu\br30\tools\sdk.elf.o
                0x00002020                aec_bss_id

.fm_bss_id      0x00002024        0x4
 .fm_bss_id     0x00002024        0x4 cpu\br30\tools\sdk.elf.o
                0x00002024                fm_bss_id

.mp3_bss_id     0x00002028        0x4
 .mp3_bss_id    0x00002028        0x4 cpu\br30\tools\sdk.elf.o
                0x00002028                mp3_bss_id

.wav_bss_id     0x0000202c        0x4
 .wav_bss_id    0x0000202c        0x4 cpu\br30\tools\sdk.elf.o
                0x0000202c                wav_bss_id

.wma_bss_id     0x00002030        0x4
 .wma_bss_id    0x00002030        0x4 cpu\br30\tools\sdk.elf.o
                0x00002030                wma_bss_id

.bss            0x00002040     0x9ffc
                0x00002040                . = ALIGN (0x4)
                0x00002040                btstack_bss_start = .
 *(.bt_stack_bss)
 .bt_stack_bss  0x00002040      0xc62 cpu\br30\tools\sdk.elf.o
 *(.ble_db_bss)
 *(.ble_sm_bss)
 *(.ble_att_bss)
 *(.ble_gatt_bss)
 *(.btstack_pool)
                0x00002ca2                BTSTACK_LE_HOST_MESH_BSS_START = .
 *(.ble_mesh_bss)
 *(.ble_mesh_tinycrypt_bss)
                0x00000000                BTSTACK_LE_HOST_MESH_BSS_SIZE = ABSOLUTE ((. - BTSTACK_LE_HOST_MESH_BSS_START))
                0x00002ca2                btstack_bss_end = .
                0x00002ca4                . = ALIGN (0x4)
 *fill*         0x00002ca2        0x2 
                0x00002ca4                system_bss_start = .
                0x00002ca4                . = ALIGN (0x4)
 *(.os_bss)
 *(.mem_heap)
 *(.memp_memory_x)
 *(.mem_bss)
 *(.os_port_bss)
 *(.uECC_bss)
 *(.ECDH_sample_bss)
                0x00002ca4                system_bss_end = .
                0x00002ca4                . = ALIGN (0x4)
 *(.bss)
 *fill*         0x00002ca4        0xc 
 .bss           0x00002cb0     0x27e8 cpu\br30\tools\sdk.elf.o
                0x00002d20                CurrentTCB
                0x00005498                . = ALIGN (0x4)
                0x00005498                . = ALIGN (0x4)
                0x00005498                audio_sync_bss_begin = .
 *(.audio_sync_bss)
                0x00005498                audio_sync_bss_end = .
                0x00005498                . = ALIGN (0x4)
 *(.jlsp_bss)
 *(.sbc_bss)
 *(.sbc_hw_bss)
 .sbc_hw_bss    0x00005498       0x6c cpu\br30\tools\sdk.elf.o
 *(.msbc_bss)
 *(.cvsd_bss)
 .cvsd_bss      0x00005504        0x8 cpu\br30\tools\sdk.elf.o
 *(.aac_bss)
 .aac_bss       0x0000550c       0x30 cpu\br30\tools\sdk.elf.o
 *(.sbc_eng_bss)
 *(.bt_audioplc_bss)
 *(.lf_audioplc_bss)
 *(.audio_syncts_bss)
 *(.audio_timestamp_bss)
 *(.audio_dac_bss)
 *(.audio_dec_api_bss)
 .audio_dec_api_bss
                0x0000553c     0x107c cpu\br30\tools\sdk.elf.o
                0x000065b8                . = ALIGN (0x4)
 *(.wav_bss)
 *(.wav_dec_bss)
                0x000065b8                . = ALIGN (0x4)
 *(.audio_dec_bss)
 *(.os_bss)
 *(.volatile_ram)
 *(.btstack_pool)
 *(.usb_ep0)
 *(.usb_msd_dma)
 *(.audio_buf)
 *(.src_filt)
 *(.src_dma)
 *(.mem_heap)
 *(.memp_memory_x)
                0x000065b8                . = ALIGN (0x4)
 *(.non_volatile_ram)
 .non_volatile_ram
                0x000065b8      0x164 cpu\br30\tools\sdk.elf.o
                0x00006720                . = ALIGN (0x20)
 *fill*         0x0000671c        0x4 
                0x00006720                btctler_bss_start = .
                0x00006720                BTCTLER_CONTROLLER_BSS_START = .
 *(.bd_base)
 .bd_base       0x00006720      0x168 cpu\br30\tools\sdk.elf.o
                0x00006720                AUDIO_SYNC_LAT_BT_TIME
                0x00006724                AUDIO_SYNC_LAT_CON
                0x00006728                AUDIO_SYNC_LAT_TIME
                0x0000672c                bd_base
 *(.bredr_rxtx_bulk)
 .bredr_rxtx_bulk
                0x00006888      0xc80 cpu\br30\tools\sdk.elf.o
                0x00007508                acl_tx_pool = .
 *(.bredr_tx_bulk)
                0x00008508                acl_tx_pool_end = (acl_tx_pool + 0x1000)
                0x00008508                . = acl_tx_pool_end
 *fill*         0x00007508     0x1000 
                0x00008508                acl_rx_pool = .
 *(.bredr_rx_bulk)
                0x0000bd08                acl_rx_pool_end = (acl_rx_pool + 0x3800)
                0x0000bd08                . = acl_rx_pool_end
 *fill*         0x00008508     0x3800 
                0x0000bd08                tws_bulk_pool = .
                0x0000bd08                tws_bulk_pool_end = tws_bulk_pool
                0x0000bd08                . = tws_bulk_pool_end
 *(.bt_rf_bss)
 .bt_rf_bss     0x0000bd08       0x22 cpu\br30\tools\sdk.elf.o
 *(.hci_controller_bss)
 *fill*         0x0000bd2a        0x2 
 .hci_controller_bss
                0x0000bd2c       0x38 cpu\br30\tools\sdk.elf.o
 *(.hci_interface_bss)
 *(.device_manager_bss)
 *(.vendor_manager_bss)
                0x00005644                BTCTLER_CONTROLLER_BSS_SIZE = ABSOLUTE ((. - BTCTLER_CONTROLLER_BSS_START))
                0x0000bd64                BTCTLER_LE_CONTROLLER_BSS_START = .
 *(.ble_hci_bss)
 *(.ble_ll_bss)
 .ble_ll_bss    0x0000bd64       0x30 cpu\br30\tools\sdk.elf.o
 *(.ble_rf_bss)
                0x00000030                BTCTLER_LE_CONTROLLER_BSS_SIZE = ABSOLUTE ((. - BTCTLER_LE_CONTROLLER_BSS_START))
                0x0000bd94                BTCTLER_CL_BSS_START = .
 *(.classic_rf_bss)
 *(.classic_lmp_bss)
 .classic_lmp_bss
                0x0000bd94      0x208 cpu\br30\tools\sdk.elf.o
 *(.classic_lmp_auth_bss)
 *(.classic_lmp_bigint_bss)
 *(.classic_lmp_crypt_bss)
 *(.classic_lmp_ecdh_bss)
 *(.classic_lmp_linkbulk_bss)
 *(.classic_lmp_hmac_bss)
 *(.classic_bb_bss)
 *(.classic_hci_bss)
                0x00000208                BTCTLER_CL_BSS_SIZE = ABSOLUTE ((. - BTCTLER_CL_BSS_START))
                0x0000bf9c                btctler_bss_end = .
                0x0000bf9c                update_bss_start = .
 *(.update_bss)
 .update_bss    0x0000bf9c       0x24 cpu\br30\tools\sdk.elf.o
                0x0000bfc0                update_bss_end = .
                0x0000bfc0                driver_bss_start = .
                0x0000bfc0                CLOCK_BSS_START = .
 *(.clock_bss)
 .clock_bss     0x0000bfc0       0x7c cpu\br30\tools\sdk.elf.o
                0x0000007c                CLOCK_BSS_SIZE = ABSOLUTE ((. - CLOCK_BSS_START))
 *(.debug_bss)
 *(.power_bss)
 *(.uart_bss)
 *(.sd_var)
                0x0000c03c                driver_bss_end = .

.data_code      0x0000c040     0x62b0
                0x0000c040                data_code_pc_limit_begin = .
 *(.flushinv_icache)
 *(.cache)
 .cache         0x0000c040       0x30 cpu\br30\tools\sdk.elf.o
 *(.os_critical_code)
 .os_critical_code
                0x0000c070      0x2f0 cpu\br30\tools\sdk.elf.o
                0x0000c070                os_sem_pend
                0x0000c07c                jiffies_half_msec
                0x0000c0d4                jiffies_msec
                0x0000c10c                __os_taskq_post
                0x0000c132                os_taskq_post_type
                0x0000c134                os_mutex_pend
                0x0000c140                os_taskq_post_msg
                0x0000c176                os_taskq_flush
                0x0000c18c                os_task_pend
                0x0000c198                os_taskq_del
                0x0000c1b6                os_taskq_post
                0x0000c1ec                os_taskq_post_event
                0x0000c224                pcTaskName
                0x0000c2c8                pvPortSwitch
                0x0000c2de                task_queue_post_event
                0x0000c2e6                uxTaskStack
 .os_critical_code
                0x0000c360       0x40 include_lib/liba/br30/system.a(port_asm_mmu.S.o)
                0x0000c360                vAppPortStartFirstTask
                0x0000c38a                begin_of_data
                0x0000c38a                __tick_irq_handler
 *(.volatile_ram_code)
 .volatile_ram_code
                0x0000c3a0      0xee0 cpu\br30\tools\sdk.elf.o
                0x0000cb3e                spi_for_maskrom_init
                0x0000d14c                local_bt_us_time
 .volatile_ram_code
                0x0000d280       0x92 include_lib/liba/br30/cpu.a(startup.S.o)
                0x0000d280                __BT_UPDATA_JUMP
                0x0000d300                exception_irq_handler
 *(.media.aec.text)
 *(.os_code)
 *(.os_str)
 *(.fat_data_code)
 *(.audio_syncts_code)
 .audio_syncts_code
                0x0000d312      0x654 cpu\br30\tools\sdk.elf.o
 *(.audio_syncts_const)
 *(.audio_timestamp_code)
 .audio_timestamp_code
                0x0000d966      0xc5a cpu\br30\tools\sdk.elf.o
 *(.audio_timestamp_const)
                0x0000e5c0                audio_sync_code_begin = .
 *(.audio_sync_code)
 .audio_sync_code
                0x0000e5c0     0x1042 cpu\br30\tools\sdk.elf.o
                0x0000f602                audio_sync_code_end = .
 *(.audio_sbc_code_run)
 .audio_sbc_code_run
                0x0000f602      0x12c cpu\br30\tools\sdk.elf.o
 *(.audio_sbc_const_run)
 *fill*         0x0000f72e        0x2 
 .audio_sbc_const_run
                0x0000f730        0xc cpu\br30\tools\sdk.elf.o
 *(.audio_sbc_hw_code_run)
 .audio_sbc_hw_code_run
                0x0000f73c      0x1ce cpu\br30\tools\sdk.elf.o
 *(.audio_aac_code_run)
 .audio_aac_code_run
                0x0000f90a      0x156 cpu\br30\tools\sdk.elf.o
 *(.audio_aac_const_run)
 .audio_aac_const_run
                0x0000fa60       0x18 cpu\br30\tools\sdk.elf.o
 *(.audio_dec_code_run)
 .audio_dec_code_run
                0x0000fa78      0x2d6 cpu\br30\tools\sdk.elf.o
 *(.audio_dec_code_file_read)
 .audio_dec_code_file_read
                0x0000fd4e       0x5c cpu\br30\tools\sdk.elf.o
 *(.audio_dec_code_frame_read)
 .audio_dec_code_frame_read
                0x0000fdaa       0x40 cpu\br30\tools\sdk.elf.o
 *(.audio_mixer_code_run)
 .audio_mixer_code_run
                0x0000fdea      0x3b4 cpu\br30\tools\sdk.elf.o
 *(.audio_pcm_edit_code_run)
 .audio_pcm_edit_code_run
                0x0001019e        0x4 cpu\br30\tools\sdk.elf.o
 *(.audio_dac_code_run)
 .audio_dac_code_run
                0x000101a2      0x2bc cpu\br30\tools\sdk.elf.o
 *(.audio_dac_code_irq)
 .audio_dac_code_irq
                0x0001045e       0x48 cpu\br30\tools\sdk.elf.o
 *(.audio_syncts_code_run)
 .audio_syncts_code_run
                0x000104a6        0x6 cpu\br30\tools\sdk.elf.o
 *(.audio_dec_api_code)
 .audio_dec_api_code
                0x000104ac     0x1bd8 cpu\br30\tools\sdk.elf.o
 *(.audio_dec_api_const)
 .audio_dec_api_const
                0x00012084       0x2c cpu\br30\tools\sdk.elf.o
 *(.audio_dec_api_code_run)
 .audio_dec_api_code_run
                0x000120b0      0x1fe cpu\br30\tools\sdk.elf.o
 *(.audio_dec_api_const_run)
 *fill*         0x000122ae        0x2 
 .audio_dec_api_const_run
                0x000122b0       0x3c cpu\br30\tools\sdk.elf.o
 *(.audio_dec_api_code_irq)
 .audio_dec_api_code_irq
                0x000122ec        0x4 cpu\br30\tools\sdk.elf.o
                0x000122f0                . = ALIGN (0x4)
                0x000122f0                data_code_pc_limit_end = .

.moveable_slot  0x000122f0        0x0
 *(movable.slot.*)